4:> fsevents@1.2.9 install <repo>/.versionless/work/angular-pigallery2/baseline/node_modules/@angular/compiler-cli/node_modules/fsevents
5:> node install
7:node-pre-gyp WARN Using request for node-pre-gyp https download 
8:node-pre-gyp WARN Tried to download(404): https://fsevents-binaries.s3-us-west-2.amazonaws.com/v1.2.9/fse-v1.2.9-node-v64-darwin-x64.tar.gz 
9:node-pre-gyp WARN Pre-built binaries not found for fsevents@1.2.9 and node@10.24.1 (node-v64 ABI, unknown) (falling back to source compile with node-gyp) 
48:> fsevents@1.2.9 install <repo>/.versionless/work/angular-pigallery2/baseline/node_modules/@types/gulp/node_modules/fsevents
49:> node install
51:node-pre-gyp WARN Using request for node-pre-gyp https download 
52:node-pre-gyp WARN Tried to download(404): https://fsevents-binaries.s3-us-west-2.amazonaws.com/v1.2.9/fse-v1.2.9-node-v64-darwin-x64.tar.gz 
53:node-pre-gyp WARN Pre-built binaries not found for fsevents@1.2.9 and node@10.24.1 (node-v64 ABI, unknown) (falling back to source compile with node-gyp) 
92:> fsevents@1.2.9 install <repo>/.versionless/work/angular-pigallery2/baseline/node_modules/glob-watcher/node_modules/fsevents
93:> node install
95:node-pre-gyp WARN Using request for node-pre-gyp https download 
96:node-pre-gyp WARN Tried to download(404): https://fsevents-binaries.s3-us-west-2.amazonaws.com/v1.2.9/fse-v1.2.9-node-v64-darwin-x64.tar.gz 
97:node-pre-gyp WARN Pre-built binaries not found for fsevents@1.2.9 and node@10.24.1 (node-v64 ABI, unknown) (falling back to source compile with node-gyp) 
136:> fsevents@1.2.9 install <repo>/.versionless/work/angular-pigallery2/baseline/node_modules/watchpack/node_modules/fsevents
137:> node install
139:node-pre-gyp WARN Using request for node-pre-gyp https download 
140:node-pre-gyp WARN Tried to download(404): https://fsevents-binaries.s3-us-west-2.amazonaws.com/v1.2.9/fse-v1.2.9-node-v64-darwin-x64.tar.gz 
141:node-pre-gyp WARN Pre-built binaries not found for fsevents@1.2.9 and node@10.24.1 (node-v64 ABI, unknown) (falling back to source compile with node-gyp) 
180:> fsevents@1.2.9 install <repo>/.versionless/work/angular-pigallery2/baseline/node_modules/webpack-dev-server/node_modules/fsevents
181:> node install
183:node-pre-gyp WARN Using request for node-pre-gyp https download 
184:node-pre-gyp WARN Tried to download(404): https://fsevents-binaries.s3-us-west-2.amazonaws.com/v1.2.9/fse-v1.2.9-node-v64-darwin-x64.tar.gz 
185:node-pre-gyp WARN Pre-built binaries not found for fsevents@1.2.9 and node@10.24.1 (node-v64 ABI, unknown) (falling back to source compile with node-gyp) 
224:> bcrypt@3.0.6 install <repo>/.versionless/work/angular-pigallery2/baseline/node_modules/bcrypt
225:> node-pre-gyp install --fallback-to-build
227:node-pre-gyp WARN Using request for node-pre-gyp https download 
230:> sharp@0.22.1 install <repo>/.versionless/work/angular-pigallery2/baseline/node_modules/sharp
410:> sqlite3@4.0.9 install <repo>/.versionless/work/angular-pigallery2/baseline/node_modules/sqlite3
411:> node-pre-gyp install --fallback-to-build
413:node-pre-gyp WARN Using request for node-pre-gyp https download 
414:[sqlite3] Success: "<repo>/.versionless/work/angular-pigallery2/baseline/node_modules/sqlite3/lib/binding/node-v64-darwin-x64/node_sqlite3.node" is installed via remote
420:> @ffmpeg-installer/darwin-x64@4.1.0 postinstall <repo>/.versionless/work/angular-pigallery2/baseline/node_modules/@ffmpeg-installer/darwin-x64
421:> chmod u+x ffmpeg
424:> @ffprobe-installer/darwin-x64@4.1.0 postinstall <repo>/.versionless/work/angular-pigallery2/baseline/node_modules/@ffprobe-installer/darwin-x64
425:> chmod u+x ffprobe
540:> core-js@3.1.4 postinstall <repo>/.versionless/work/angular-pigallery2/baseline/node_modules/core-js
548:> @angular/cli@8.1.2 postinstall <repo>/.versionless/work/angular-pigallery2/baseline/node_modules/@angular/cli
549:> node ./bin/postinstall/script.js
552:> pigallery2@1.7.0 install <repo>/.versionless/work/angular-pigallery2/baseline
553:> tsc && gulp build-prod
570:npm WARN optional SKIPPING OPTIONAL DEPENDENCY: @ffprobe-installer/win32-ia32@4.1.0 (node_modules/@ffprobe-installer/win32-ia32):
571:npm WARN notsup SKIPPING OPTIONAL DEPENDENCY: Unsupported platform for @ffprobe-installer/win32-ia32@4.1.0: wanted {"os":"win32","arch":"ia32"} (current: {"os":"darwin","arch":"x64"})
572:npm WARN optional SKIPPING OPTIONAL DEPENDENCY: @ffprobe-installer/linux-x64@4.1.0 (node_modules/@ffprobe-installer/linux-x64):
573:npm WARN notsup SKIPPING OPTIONAL DEPENDENCY: Unsupported platform for @ffprobe-installer/linux-x64@4.1.0: wanted {"os":"linux","arch":"x64"} (current: {"os":"darwin","arch":"x64"})
574:npm WARN optional SKIPPING OPTIONAL DEPENDENCY: @ffprobe-installer/win32-x64@4.1.0 (node_modules/@ffprobe-installer/win32-x64):
575:npm WARN notsup SKIPPING OPTIONAL DEPENDENCY: Unsupported platform for @ffprobe-installer/win32-x64@4.1.0: wanted {"os":"win32","arch":"x64"} (current: {"os":"darwin","arch":"x64"})
576:npm WARN optional SKIPPING OPTIONAL DEPENDENCY: @ffprobe-installer/linux-ia32@4.1.0 (node_modules/@ffprobe-installer/linux-ia32):
577:npm WARN notsup SKIPPING OPTIONAL DEPENDENCY: Unsupported platform for @ffprobe-installer/linux-ia32@4.1.0: wanted {"os":"linux","arch":"ia32"} (current: {"os":"darwin","arch":"x64"})
578:npm WARN optional SKIPPING OPTIONAL DEPENDENCY: @ffmpeg-installer/win32-x64@4.1.0 (node_modules/@ffmpeg-installer/win32-x64):
579:npm WARN notsup SKIPPING OPTIONAL DEPENDENCY: Unsupported platform for @ffmpeg-installer/win32-x64@4.1.0: wanted {"os":"win32","arch":"x64"} (current: {"os":"darwin","arch":"x64"})
580:npm WARN optional SKIPPING OPTIONAL DEPENDENCY: @ffmpeg-installer/win32-ia32@4.1.0 (node_modules/@ffmpeg-installer/win32-ia32):
581:npm WARN notsup SKIPPING OPTIONAL DEPENDENCY: Unsupported platform for @ffmpeg-installer/win32-ia32@4.1.0: wanted {"os":"win32","arch":"ia32"} (current: {"os":"darwin","arch":"x64"})
582:npm WARN optional SKIPPING OPTIONAL DEPENDENCY: @ffmpeg-installer/linux-x64@4.1.0 (node_modules/@ffmpeg-installer/linux-x64):
583:npm WARN notsup SKIPPING OPTIONAL DEPENDENCY: Unsupported platform for @ffmpeg-installer/linux-x64@4.1.0: wanted {"os":"linux","arch":"x64"} (current: {"os":"darwin","arch":"x64"})
584:npm WARN optional SKIPPING OPTIONAL DEPENDENCY: @ffmpeg-installer/linux-arm64@4.1.3 (node_modules/@ffmpeg-installer/linux-arm64):
585:npm WARN notsup SKIPPING OPTIONAL DEPENDENCY: Unsupported platform for @ffmpeg-installer/linux-arm64@4.1.3: wanted {"os":"linux","arch":"arm"} (current: {"os":"darwin","arch":"x64"})
586:npm WARN optional SKIPPING OPTIONAL DEPENDENCY: @ffmpeg-installer/linux-ia32@4.1.0 (node_modules/@ffmpeg-installer/linux-ia32):
587:npm WARN notsup SKIPPING OPTIONAL DEPENDENCY: Unsupported platform for @ffmpeg-installer/linux-ia32@4.1.0: wanted {"os":"linux","arch":"ia32"} (current: {"os":"darwin","arch":"x64"})
588:npm WARN optional SKIPPING OPTIONAL DEPENDENCY: @ffmpeg-installer/linux-arm@4.1.3 (node_modules/@ffmpeg-installer/linux-arm):
589:npm WARN notsup SKIPPING OPTIONAL DEPENDENCY: Unsupported platform for @ffmpeg-installer/linux-arm@4.1.3: wanted {"os":"linux","arch":"arm"} (current: {"os":"darwin","arch":"x64"})
591:added 2241 packages from 2228 contributors in 128.828s
592:EXIT=0
