--- npm run trust:verify -- --offline (exit 0) ---
{"valid":true,"digest":"449831ecd19f30aed8d0a768d6783e2d063df9a5d995adb5f6175d4fb2935383","deterministicCore":"80829ae4131dd3cdd532cb403325cfccb4bf1da948a32498829d690d96ddb597","artifacts":12}

npm warn Unknown project config "store-dir". This will stop working in the next major version of npm. See `npm help npmrc` for supported config options.
npm warn Unknown project config "virtual-store-dir". This will stop working in the next major version of npm. See `npm help npmrc` for supported config options.
npm warn Unknown project config "state-dir". This will stop working in the next major version of npm. See `npm help npmrc` for supported config options.
npm notice run versionless-workspace@0.0.0 trust:verify
npm notice run node --experimental-strip-types packages/cli/src/cli.ts trust:verify --offline

--- npm run receipt:verify (exit 0) ---
{"valid":true,"digest":"52400147929220935a9ebe47a16c8dff50b5c28e9d51c930d000c99c2bdc8a21","artifacts":10}

npm warn Unknown project config "store-dir". This will stop working in the next major version of npm. See `npm help npmrc` for supported config options.
npm warn Unknown project config "virtual-store-dir". This will stop working in the next major version of npm. See `npm help npmrc` for supported config options.
npm warn Unknown project config "state-dir". This will stop working in the next major version of npm. See `npm help npmrc` for supported config options.
npm notice run versionless-workspace@0.0.0 receipt:verify
npm notice run node --experimental-strip-types packages/cli/src/cli.ts receipt:verify

--- VERSIONLESS_NETWORK_MODE=offline npm run corpus:verify (exit 0) ---
{"result":"pass","digest":"101412703cc116969dd562a6ea46dde3d05424ad5194e535aca9750e373bc482","verticals":20,"sourceApplications":13}

npm warn Unknown project config "store-dir". This will stop working in the next major version of npm. See `npm help npmrc` for supported config options.
npm warn Unknown project config "virtual-store-dir". This will stop working in the next major version of npm. See `npm help npmrc` for supported config options.
npm warn Unknown project config "state-dir". This will stop working in the next major version of npm. See `npm help npmrc` for supported config options.
npm notice run versionless-workspace@0.0.0 corpus:verify
npm notice run node --experimental-strip-types packages/cli/src/cli.ts corpus:verify

--- node --experimental-strip-types packages/cli/src/cli.ts report:coverage --offline --verify-only (exit 0) ---
{"result":"pass","mode":"verified","trustDigest":"449831ecd19f30aed8d0a768d6783e2d063df9a5d995adb5f6175d4fb2935383","machineArtifact":"evidence/trust/current/coverage-report.json","humanDocument":"evidence/trust/current/coverage-report.md","machineArtifactSha256":"a246f45659c170761133ab7d504d9b0dbc77719c163273021cbb9eff814fdeee","humanDocumentSha256":"512bbcf1108bf8ec8a52fd593ad3554b41bd7e81170a654a4031bd2dc9586816","coverageDigest":"311522043dda9e9c04f93fa813f78545d454b37e45b7a5b117ad56d8d39d2534","certification":"not-certified"}


--- node --experimental-strip-types packages/cli/src/cli.ts refusal-census --verify-only --json 2>/dev/null | node -e "let b='';process.stdin.on('data',d=>b+=d);process.stdin.on('end',()=>{const d=JSON.parse(b);if(!d.matchesPublished)throw new Error('census drifted');console.log('CENSUS-OK sites='+d.census.summary.sites)})" (exit 0) ---
CENSUS-OK sites=192


--- node --experimental-strip-types packages/cli/src/cli.ts supported-matrix --offline 2>&1 | grep -q "react: 6 counted of 6" && echo REACT-CELLS-UNCHANGED (exit 0) ---
REACT-CELLS-UNCHANGED


--- node -e "const f=require('./evidence/trust/current/adapter-freeze.json');if(!String(f.freeze.composite).startsWith('140ce86e'))throw new Error('composite moved');console.log('COMPOSITE-STABLE-140ce86e')" (exit 0) ---
COMPOSITE-STABLE-140ce86e


--- git diff --quiet HEAD -- packages && echo NO-SOURCE-CHANGES-IN-BATCH-TASK (exit 0) ---
NO-SOURCE-CHANGES-IN-BATCH-TASK


--- test -f docs/goals/bank-demo-fleet-pipeline/notes/T012-angular-batch.md && echo NOTE-EXISTS (exit 0) ---
NOTE-EXISTS


