--- pnpm exec vp test --project node (exit 0) ---
 RUN  /Users/jacksm5pro/dev/open-source/versionless

{"preflight":"pass"}

 Test Files  260 passed (260)
      Tests  2772 passed | 2 skipped (2774)
   Start at  04:56:44
   Duration  150.83s (transform 11.28s, setup 0ms, import 37.60s, tests 264.16s, environment 14ms)



--- npm run trust:verify -- --offline (exit 0) ---
{"valid":true,"digest":"42c47bacf573a56825d9e560de3e4efe286673e9f9baaff02f333de8534e4fdc","deterministicCore":"1837f2794e6dad8b3d1854aa14034cbb98b3c65bbaeb3fba076b4d55081cb7b0","artifacts":12}

npm warn Unknown project config "store-dir". This will stop working in the next major version of npm. See `npm help npmrc` for supported config options.
npm warn Unknown project config "virtual-store-dir". This will stop working in the next major version of npm. See `npm help npmrc` for supported config options.
npm warn Unknown project config "state-dir". This will stop working in the next major version of npm. See `npm help npmrc` for supported config options.
npm notice run versionless-workspace@0.0.0 trust:verify
npm notice run node --experimental-strip-types packages/cli/src/cli.ts trust:verify --offline

--- npm run receipt:verify (exit 0) ---
{"valid":true,"digest":"52400147929220935a9ebe47a16c8dff50b5c28e9d51c930d000c99c2bdc8a21","artifacts":10}

npm warn Unknown project config "store-dir". This will stop working in the next major version of npm. See `npm help npmrc` for supported config options.
npm warn Unknown project config "virtual-store-dir". This will stop working in the next major version of npm. See `npm help npmrc` for supported config options.
npm warn Unknown project config "state-dir". This will stop working in the next major version of npm. See `npm help npmrc` for supported config options.
npm notice run versionless-workspace@0.0.0 receipt:verify
npm notice run node --experimental-strip-types packages/cli/src/cli.ts receipt:verify

--- VERSIONLESS_NETWORK_MODE=offline npm run corpus:verify (exit 0) ---
{"result":"pass","digest":"101412703cc116969dd562a6ea46dde3d05424ad5194e535aca9750e373bc482","verticals":20,"sourceApplications":13}

npm warn Unknown project config "store-dir". This will stop working in the next major version of npm. See `npm help npmrc` for supported config options.
npm warn Unknown project config "virtual-store-dir". This will stop working in the next major version of npm. See `npm help npmrc` for supported config options.
npm warn Unknown project config "state-dir". This will stop working in the next major version of npm. See `npm help npmrc` for supported config options.
npm notice run versionless-workspace@0.0.0 corpus:verify
npm notice run node --experimental-strip-types packages/cli/src/cli.ts corpus:verify

--- node --experimental-strip-types packages/cli/src/cli.ts report:coverage --offline --verify-only (exit 0) ---
{"result":"pass","mode":"verified","trustDigest":"42c47bacf573a56825d9e560de3e4efe286673e9f9baaff02f333de8534e4fdc","machineArtifact":"evidence/trust/current/coverage-report.json","humanDocument":"evidence/trust/current/coverage-report.md","machineArtifactSha256":"efc2f98f04c51f99899697d5d109bbf6052e19a94d6b38f7bbfe6f773e39b4ab","humanDocumentSha256":"70509ca96b177debc55b575095ae1949ea28747bb85577906495e317a76c5a25","coverageDigest":"1807d3cdf6f30245a8c847fbbd875709289456547e9604be94f0ab0f1f37cb41","certification":"not-certified"}


--- node --experimental-strip-types packages/cli/src/cli.ts refusal-census --verify-only --json 2>/dev/null | node -e "let b='';process.stdin.on('data',d=>b+=d);process.stdin.on('end',()=>{const d=JSON.parse(b);if(!d.matchesPublished)throw new Error('census drifted');console.log('CENSUS-OK sites='+d.census.summary.sites)})" (exit 0) ---
CENSUS-OK sites=192


--- node --experimental-strip-types packages/cli/src/cli.ts supported-matrix --offline 2>&1 | grep -q "react: 6 counted of 6" && echo REACT-CELLS-UNCHANGED (exit 0) ---
REACT-CELLS-UNCHANGED


--- node -e "const f=require('./evidence/trust/current/adapter-freeze.json');if(!String(f.freeze.composite).startsWith('140ce86e'))throw new Error('composite moved');console.log('COMPOSITE-STABLE-140ce86e')" (exit 0) ---
COMPOSITE-STABLE-140ce86e


--- git diff --quiet HEAD -- packages/frameworks packages/core packages/trust/src && echo FROZEN-TRUST-CORE-UNTOUCHED (exit 0) ---
FROZEN-TRUST-CORE-UNTOUCHED


--- node -e "const r=require('./evidence/runs/angular2-hn/run-record.json');const rows=r.stages||[];const i=rows.find(s=>(s.stage||s.name)==='install');if(!i)throw new Error('no install row');const s=JSON.stringify(i);if(!s.includes('allow-foreign-lockfile'))throw new Error('policy not recorded on install row');console.log('POLICY-RECORDED-ON-RUN-RECORD')" (exit 0) ---
POLICY-RECORDED-ON-RUN-RECORD


