vite v8.0.16 building client environment for production...
[2Ktransforming...✓ 516 modules transformed.
rendering chunks...
computing gzip size...
build-vite/index.html                                    0.49 kB │ gzip:   0.30 kB
build-vite/assets/banner-6i24qsix.jpg                  205.99 kB
build-vite/assets/favicon-Ba7brf7t.ico                 370.07 kB
build-vite/assets/index-CqaBhjBI.css                     2.95 kB │ gzip:   1.24 kB
build-vite/assets/H1-BZCoji1x.js                         0.10 kB │ gzip:   0.12 kB
build-vite/assets/NotFoundPage-BkMd3EGU.js               0.42 kB │ gzip:   0.28 kB
build-vite/assets/__vite-browser-external-CvNEtdN9.js    0.86 kB │ gzip:   0.48 kB
build-vite/assets/FeaturePage-2zyLJwLV.js                4.08 kB │ gzip:   1.37 kB
build-vite/assets/en-D7F8Da0k.js                        24.55 kB │ gzip:   4.26 kB
build-vite/assets/de-CEvlwdXo.js                        24.86 kB │ gzip:   4.25 kB
build-vite/assets/intl-tJox8g0n.js                      40.92 kB │ gzip:  14.17 kB
build-vite/assets/HomePage-CZiBZHtd.js                  80.03 kB │ gzip:  29.25 kB
build-vite/assets/index-D47xRHLD.js                    420.72 kB │ gzip: 131.81 kB

✓ built in <duration>

vite v8.0.16 building client environment for production...
[2Ktransforming...✓ 516 modules transformed.
rendering chunks...
computing gzip size...
build-vite/index.html                                    0.49 kB │ gzip:   0.30 kB
build-vite/assets/banner-6i24qsix.jpg                  205.99 kB
build-vite/assets/favicon-Ba7brf7t.ico                 370.07 kB
build-vite/assets/index-CqaBhjBI.css                     2.95 kB │ gzip:   1.24 kB
build-vite/assets/H1-BZCoji1x.js                         0.10 kB │ gzip:   0.12 kB
build-vite/assets/NotFoundPage-BkMd3EGU.js               0.42 kB │ gzip:   0.28 kB
build-vite/assets/__vite-browser-external-CvNEtdN9.js    0.86 kB │ gzip:   0.48 kB
build-vite/assets/FeaturePage-2zyLJwLV.js                4.08 kB │ gzip:   1.37 kB
build-vite/assets/en-D7F8Da0k.js                        24.55 kB │ gzip:   4.26 kB
build-vite/assets/de-CEvlwdXo.js                        24.86 kB │ gzip:   4.25 kB
build-vite/assets/intl-tJox8g0n.js                      40.92 kB │ gzip:  14.17 kB
build-vite/assets/HomePage-CZiBZHtd.js                  80.03 kB │ gzip:  29.25 kB
build-vite/assets/index-D47xRHLD.js                    420.72 kB │ gzip: 131.81 kB

✓ built in <duration>
