--- npm run trust:verify -- --offline (exit 0) ---
{"valid":true,"digest":"77b8e46c00a9dd2e0e7e3be077ca2198a7f0ca154cb8e6ace82c60270a11b048","deterministicCore":"31e7de863bf7b2dfe8d844931295bd8ec00835fcdea6c2c31a9824bb75fd76b6","artifacts":12}

npm warn Unknown project config "store-dir". This will stop working in the next major version of npm. See `npm help npmrc` for supported config options.
npm warn Unknown project config "virtual-store-dir". This will stop working in the next major version of npm. See `npm help npmrc` for supported config options.
npm warn Unknown project config "state-dir". This will stop working in the next major version of npm. See `npm help npmrc` for supported config options.
npm notice run versionless-workspace@0.0.0 trust:verify
npm notice run node --experimental-strip-types packages/cli/src/cli.ts trust:verify --offline

--- npm run receipt:verify (exit 0) ---
{"valid":true,"digest":"52400147929220935a9ebe47a16c8dff50b5c28e9d51c930d000c99c2bdc8a21","artifacts":10}

npm warn Unknown project config "store-dir". This will stop working in the next major version of npm. See `npm help npmrc` for supported config options.
npm warn Unknown project config "virtual-store-dir". This will stop working in the next major version of npm. See `npm help npmrc` for supported config options.
npm warn Unknown project config "state-dir". This will stop working in the next major version of npm. See `npm help npmrc` for supported config options.
npm notice run versionless-workspace@0.0.0 receipt:verify
npm notice run node --experimental-strip-types packages/cli/src/cli.ts receipt:verify

--- VERSIONLESS_NETWORK_MODE=offline npm run corpus:verify (exit 0) ---
{"result":"pass","digest":"51d0329422cb86f7591a314d0962569ee9395f5e534999c1ce82bcd3fece8b76","verticals":20,"sourceApplications":14}

npm warn Unknown project config "store-dir". This will stop working in the next major version of npm. See `npm help npmrc` for supported config options.
npm warn Unknown project config "virtual-store-dir". This will stop working in the next major version of npm. See `npm help npmrc` for supported config options.
npm warn Unknown project config "state-dir". This will stop working in the next major version of npm. See `npm help npmrc` for supported config options.
npm notice run versionless-workspace@0.0.0 corpus:verify
npm notice run node --experimental-strip-types packages/cli/src/cli.ts corpus:verify

--- node --experimental-strip-types packages/cli/src/cli.ts report:coverage --offline --verify-only (exit 0) ---
{"result":"pass","mode":"verified","trustDigest":"77b8e46c00a9dd2e0e7e3be077ca2198a7f0ca154cb8e6ace82c60270a11b048","machineArtifact":"evidence/trust/current/coverage-report.json","humanDocument":"evidence/trust/current/coverage-report.md","machineArtifactSha256":"532081b7188aef3b35d0e035a5f4a10d2bcee8adf8ffe8a12fc4ccf821041ae3","humanDocumentSha256":"ce8241a39ea900efd328c33fb21d087b3a4f614750ba388ec23bf3d16e7acf3d","coverageDigest":"61b5e20a76d2b04000eb7f651de200f215f24cbb80da21c96b4bffe3ba951004","certification":"not-certified"}


--- node --experimental-strip-types packages/cli/src/cli.ts refusal-census --verify-only --json 2>/dev/null | node -e "let b='';process.stdin.on('data',d=>b+=d);process.stdin.on('end',()=>{const d=JSON.parse(b);if(!d.matchesPublished)throw new Error('census drifted');console.log('CENSUS-OK sites='+d.census.summary.sites)})" (exit 0) ---
CENSUS-OK sites=198


--- node -e "const r=require('./evidence/trust/current/coverage-report.json').totals;if(r.proven<11)throw new Error('proven regressed: '+r.proven);console.log('PROVEN-FLOOR-HELD proven='+r.proven+' apps='+r.applications)" (exit 0) ---
PROVEN-FLOOR-HELD proven=12 apps=24


--- node --experimental-strip-types packages/cli/src/cli.ts supported-matrix --offline 2>&1 | grep -q "angular: 4 counted of 4" && echo ANGULAR-CELLS-STABLE (exit 0) ---
ANGULAR-CELLS-STABLE


--- node -e "const f=require('./evidence/trust/current/adapter-freeze.json');if(!String(f.freeze.composite).startsWith('140ce86e'))throw new Error('composite moved');console.log('COMPOSITE-STABLE')" (exit 0) ---
COMPOSITE-STABLE


--- git diff --quiet HEAD -- packages && echo NO-SOURCE-CHANGES (exit 0) ---
NO-SOURCE-CHANGES


--- git diff --quiet HEAD -- evidence/runs/react-flame-v2-4-0 && echo FLAME-UNTOUCHED (exit 0) ---
FLAME-UNTOUCHED


--- grep -q '§14\|## 14' docs/goals/bank-demo-fleet-pipeline/notes/T012-angular-batch.md && echo NOTE-APPENDED (exit 0) ---
NOTE-APPENDED


