--- pnpm exec vp test --project node (exit 1) ---
 RUN  /Users/jacksm5pro/dev/open-source/versionless

 ❯ |node| packages/cli/test/corpus-conformance.test.ts (2 tests | 1 failed) 1402ms
     × verifies the canonical corpus offline 544ms
{"preflight":"pass"}
 ❯ |node| packages/trust/test/trust-package.test.ts (27 tests | 1 failed) 31279ms
     × replays the deterministic core while keeping observations outside it 1195ms

 Test Files  2 failed | 262 passed (264)
      Tests  2 failed | 2842 passed | 2 skipped (2846)
   Start at  09:33:50
   Duration  147.15s (transform 10.94s, setup 0ms, import 36.48s, tests 265.03s, environment 13ms)



⎯⎯⎯⎯⎯⎯⎯ Failed Tests 2 ⎯⎯⎯⎯⎯⎯⎯

 FAIL  |node| packages/cli/test/corpus-conformance.test.ts > corpus conformance CLI > verifies the canonical corpus offline
AssertionError: expected { result: 'pass', …(3) } to match object { result: 'pass', verticals: 20, …(1) }
(1 matching property omitted from actual)

- Expected
+ Received

  {
    "result": "pass",
-   "sourceApplications": 13,
+   "sourceApplications": 15,
    "verticals": 20,
  }

 ❯ Proxy.<anonymous> .versionless/cache/pnpm-virtual-store/@voidzero-dev+vite-plus-test@0.1.20_@types+node@24.12.2_typescript@5.9.3_vite@8.0.16_@types+node@24.12.2_/node_modules/@voidzero-dev/vite-plus-test/dist/@vitest/expect/index.js:1283:13
 ❯ Proxy.<anonymous> .versionless/cache/pnpm-virtual-store/@voidzero-dev+vite-plus-test@0.1.20_@types+node@24.12.2_typescript@5.9.3_vite@8.0.16_@types+node@24.12.2_/node_modules/@voidzero-dev/vite-plus-test/dist/@vitest/expect/index.js:1156:19
 ❯ Proxy.methodWrapper .versionless/cache/pnpm-virtual-store/@voidzero-dev+vite-plus-test@0.1.20_@types+node@24.12.2_typescript@5.9.3_vite@8.0.16_@types+node@24.12.2_/node_modules/@voidzero-dev/vite-plus-test/dist/vendor/chai.mjs:1333:23
 ❯ packages/cli/test/corpus-conformance.test.ts:23:37
     21|   );
     22|   expect(result.status).toBe(0);
     23|   expect(JSON.parse(result.stdout)).toMatchObject({
       |                                     ^
     24|    result: 'pass',
     25|    verticals: 20,
 ❯ .versionless/cache/pnpm-virtual-store/@voidzero-dev+vite-plus-test@0.1.20_@types+node@24.12.2_typescript@5.9.3_vite@8.0.16_@types+node@24.12.2_/node_modules/@voidzero-dev/vite-plus-test/dist/@vitest/runner/chunk-artifact.js:302:14
 ❯ .versionless/cache/pnpm-virtual-store/@voidzero-dev+vite-plus-test@0.1.20_@types+node@24.12.2_typescript@5.9.3_vite@8.0.16_@types+node@24.12.2_/node_modules/@voidzero-dev/vite-plus-test/dist/@vitest/runner/chunk-artifact.js:1903:28
 ❯ .versionless/cache/pnpm-virtual-store/@voidzero-dev+vite-plus-test@0.1.20_@types+node@24.12.2_typescript@5.9.3_vite@8.0.16_@types+node@24.12.2_/node_modules/@voidzero-dev/vite-plus-test/dist/@vitest/runner/chunk-artifact.js:2326:24
 ❯ runWithCancel .versionless/cache/pnpm-virtual-store/@voidzero-dev+vite-plus-test@0.1.20_@types+node@24.12.2_typescript@5.9.3_vite@8.0.16_@types+node@24.12.2_/node_modules/@voidzero-dev/vite-plus-test/dist/@vitest/runner/chunk-artifact.js:2323:12
 ❯ .versionless/cache/pnpm-virtual-store/@voidzero-dev+vite-plus-test@0.1.20_@types+node@24.12.2_typescript@5.9.3_vite@8.0.16_@types+node@24.12.2_/node_modules/@voidzero-dev/vite-plus-test/dist/@vitest/runner/chunk-artifact.js:2305:24

⎯⎯⎯⎯⎯⎯⎯⎯⎯⎯⎯⎯⎯⎯⎯⎯⎯⎯⎯⎯⎯⎯⎯⎯[1/2]⎯

 FAIL  |node| packages/trust/test/trust-package.test.ts > offline-first trust package > replays the deterministic core while keeping observations outside it
AssertionError: expected { verticals: 20, …(2) } to deeply equal { verticals: 20, …(2) }

- Expected
+ Received

  {
    "designatedPilotsVerified": 0,
-   "sourceApplications": 13,
+   "sourceApplications": 15,
    "verticals": 20,
  }

 ❯ packages/trust/test/trust-package.test.ts:993:32
    991|     * off the rows rather than declared.
    992|     */
    993|    expect(conformance.summary).toEqual({
       |                                ^
    994|     verticals: 20,
    995|     sourceApplications: 13,
 ❯ .versionless/cache/pnpm-virtual-store/@voidzero-dev+vite-plus-test@0.1.20_@types+node@24.12.2_typescript@5.9.3_vite@8.0.16_@types+node@24.12.2_/node_modules/@voidzero-dev/vite-plus-test/dist/@vitest/runner/chunk-artifact.js:1903:22

⎯⎯⎯⎯⎯⎯⎯⎯⎯⎯⎯⎯⎯⎯⎯⎯⎯⎯⎯⎯⎯⎯⎯⎯[2/2]⎯


