WARN notice [SECURITY] acorn has the following vulnerability: 1 high. Go here for more details: https://github.com/advisories?query=acorn - Run `npm i npm@latest -g` to upgrade your npm version, and then `npm audit` to get more info.
WARN notice [SECURITY] ansi-regex has the following vulnerability: 1 high. Go here for more details: https://github.com/advisories?query=ansi-regex - Run `npm i npm@latest -g` to upgrade your npm version, and then `npm audit` to get more info.
WARN notice [SECURITY] @angular/core has the following vulnerabilities: 4 high, 3 moderate. Go here for more details: https://github.com/advisories?query=%40angular%2Fcore - Run `npm i npm@latest -g` to upgrade your npm version, and then `npm audit` to get more info.
WARN notice [SECURITY] @angular/compiler has the following vulnerabilities: 3 high, 2 moderate. Go here for more details: https://github.com/advisories?query=%40angular%2Fcompiler - Run `npm i npm@latest -g` to upgrade your npm version, and then `npm audit` to get more info.
WARN notice [SECURITY] minimist has the following vulnerabilities: 1 critical, 1 moderate. Go here for more details: https://github.com/advisories?query=minimist - Run `npm i npm@latest -g` to upgrade your npm version, and then `npm audit` to get more info.
WARN notice [SECURITY] @angular/common has the following vulnerabilities: 6 high. Go here for more details: https://github.com/advisories?query=%40angular%2Fcommon - Run `npm i npm@latest -g` to upgrade your npm version, and then `npm audit` to get more info.
WARN notice [SECURITY] webpack-dev-server has the following vulnerabilities: 1 high, 6 moderate. Go here for more details: https://github.com/advisories?query=webpack-dev-server - Run `npm i npm@latest -g` to upgrade your npm version, and then `npm audit` to get more info.
WARN notice [SECURITY] yargs-parser has the following vulnerability: 1 moderate. Go here for more details: https://github.com/advisories?query=yargs-parser - Run `npm i npm@latest -g` to upgrade your npm version, and then `npm audit` to get more info.
WARN notice [SECURITY] cross-spawn has the following vulnerability: 1 high. Go here for more details: https://github.com/advisories?query=cross-spawn - Run `npm i npm@latest -g` to upgrade your npm version, and then `npm audit` to get more info.
WARN notice [SECURITY] cross-spawn has the following vulnerability: 1 high. Go here for more details: https://github.com/advisories?query=cross-spawn - Run `npm i npm@latest -g` to upgrade your npm version, and then `npm audit` to get more info.
WARN notice [SECURITY] node-sass has the following vulnerabilities: 2 moderate. Go here for more details: https://github.com/advisories?query=node-sass - Run `npm i npm@latest -g` to upgrade your npm version, and then `npm audit` to get more info.
WARN notice [SECURITY] y18n has the following vulnerability: 1 high. Go here for more details: https://github.com/advisories?query=y18n - Run `npm i npm@latest -g` to upgrade your npm version, and then `npm audit` to get more info.
WARN notice [SECURITY] xml2js has the following vulnerability: 1 moderate. Go here for more details: https://github.com/advisories?query=xml2js - Run `npm i npm@latest -g` to upgrade your npm version, and then `npm audit` to get more info.
WARN notice [SECURITY] shelljs has the following vulnerabilities: 1 high, 1 moderate. Go here for more details: https://github.com/advisories?query=shelljs - Run `npm i npm@latest -g` to upgrade your npm version, and then `npm audit` to get more info.
WARN notice [SECURITY] tar has the following vulnerabilities: 9 high, 1 moderate. Go here for more details: https://github.com/advisories?query=tar - Run `npm i npm@latest -g` to upgrade your npm version, and then `npm audit` to get more info.
WARN notice [SECURITY] fstream has the following vulnerability: 1 high. Go here for more details: https://github.com/advisories?query=fstream - Run `npm i npm@latest -g` to upgrade your npm version, and then `npm audit` to get more info.
WARN notice [SECURITY] sockjs has the following vulnerability: 1 moderate. Go here for more details: https://github.com/advisories?query=sockjs - Run `npm i npm@latest -g` to upgrade your npm version, and then `npm audit` to get more info.
WARN notice [SECURITY] websocket-extensions has the following vulnerability: 1 high. Go here for more details: https://github.com/advisories?query=websocket-extensions - Run `npm i npm@latest -g` to upgrade your npm version, and then `npm audit` to get more info.
WARN notice [SECURITY] webpack-dev-middleware has the following vulnerability: 1 high. Go here for more details: https://github.com/advisories?query=webpack-dev-middleware - Run `npm i npm@latest -g` to upgrade your npm version, and then `npm audit` to get more info.
WARN notice [SECURITY] request has the following vulnerability: 1 moderate. Go here for more details: https://github.com/advisories?query=request - Run `npm i npm@latest -g` to upgrade your npm version, and then `npm audit` to get more info.
WARN notice [SECURITY] request has the following vulnerability: 1 moderate. Go here for more details: https://github.com/advisories?query=request - Run `npm i npm@latest -g` to upgrade your npm version, and then `npm audit` to get more info.
WARN notice [SECURITY] express has the following vulnerabilities: 1 moderate, 1 low. Go here for more details: https://github.com/advisories?query=express - Run `npm i npm@latest -g` to upgrade your npm version, and then `npm audit` to get more info.
WARN notice [SECURITY] http-proxy-middleware has the following vulnerabilities: 1 high, 1 moderate. Go here for more details: https://github.com/advisories?query=http-proxy-middleware - Run `npm i npm@latest -g` to upgrade your npm version, and then `npm audit` to get more info.
WARN notice [SECURITY] micromatch has the following vulnerability: 1 moderate. Go here for more details: https://github.com/advisories?query=micromatch - Run `npm i npm@latest -g` to upgrade your npm version, and then `npm audit` to get more info.
WARN notice [SECURITY] jszip has the following vulnerabilities: 2 moderate. Go here for more details: https://github.com/advisories?query=jszip - Run `npm i npm@latest -g` to upgrade your npm version, and then `npm audit` to get more info.
WARN notice [SECURITY] braces has the following vulnerability: 1 high. Go here for more details: https://github.com/advisories?query=braces - Run `npm i npm@latest -g` to upgrade your npm version, and then `npm audit` to get more info.
WARN notice [SECURITY] jquery has the following vulnerabilities: 3 moderate. Go here for more details: https://github.com/advisories?query=jquery - Run `npm i npm@latest -g` to upgrade your npm version, and then `npm audit` to get more info.
WARN notice [SECURITY] url-parse has the following vulnerabilities: 1 critical, 6 moderate. Go here for more details: https://github.com/advisories?query=url-parse - Run `npm i npm@latest -g` to upgrade your npm version, and then `npm audit` to get more info.
WARN notice [SECURITY] eventsource has the following vulnerability: 1 critical. Go here for more details: https://github.com/advisories?query=eventsource - Run `npm i npm@latest -g` to upgrade your npm version, and then `npm audit` to get more info.
WARN notice [SECURITY] ajv has the following vulnerabilities: 2 moderate. Go here for more details: https://github.com/advisories?query=ajv - Run `npm i npm@latest -g` to upgrade your npm version, and then `npm audit` to get more info.
WARN notice [SECURITY] html-minifier has the following vulnerability: 1 high. Go here for more details: https://github.com/advisories?query=html-minifier - Run `npm i npm@latest -g` to upgrade your npm version, and then `npm audit` to get more info.
WARN notice [SECURITY] body-parser has the following vulnerability: 1 high. Go here for more details: https://github.com/advisories?query=body-parser - Run `npm i npm@latest -g` to upgrade your npm version, and then `npm audit` to get more info.
WARN notice [SECURITY] bootstrap has the following vulnerability: 1 moderate. Go here for more details: https://github.com/advisories?query=bootstrap - Run `npm i npm@latest -g` to upgrade your npm version, and then `npm audit` to get more info.
WARN notice [SECURITY] set-value has the following vulnerabilities: 1 critical, 1 high. Go here for more details: https://github.com/advisories?query=set-value - Run `npm i npm@latest -g` to upgrade your npm version, and then `npm audit` to get more info.
WARN notice [SECURITY] undefsafe has the following vulnerability: 1 moderate. Go here for more details: https://github.com/advisories?query=undefsafe - Run `npm i npm@latest -g` to upgrade your npm version, and then `npm audit` to get more info.
WARN notice [SECURITY] handlebars has the following vulnerabilities: 3 critical, 6 high, 1 moderate. Go here for more details: https://github.com/advisories?query=handlebars - Run `npm i npm@latest -g` to upgrade your npm version, and then `npm audit` to get more info.
WARN notice [SECURITY] tree-kill has the following vulnerabilities: 1 critical, 1 high. Go here for more details: https://github.com/advisories?query=tree-kill - Run `npm i npm@latest -g` to upgrade your npm version, and then `npm audit` to get more info.
WARN notice [SECURITY] trim-newlines has the following vulnerability: 1 high. Go here for more details: https://github.com/advisories?query=trim-newlines - Run `npm i npm@latest -g` to upgrade your npm version, and then `npm audit` to get more info.
WARN notice [SECURITY] tough-cookie has the following vulnerability: 1 moderate. Go here for more details: https://github.com/advisories?query=tough-cookie - Run `npm i npm@latest -g` to upgrade your npm version, and then `npm audit` to get more info.
WARN notice [SECURITY] babel-traverse has the following vulnerability: 1 critical. Go here for more details: https://github.com/advisories?query=babel-traverse - Run `npm i npm@latest -g` to upgrade your npm version, and then `npm audit` to get more info.
WARN notice [SECURITY] tmp has the following vulnerabilities: 1 high, 1 low. Go here for more details: https://github.com/advisories?query=tmp - Run `npm i npm@latest -g` to upgrade your npm version, and then `npm audit` to get more info.
WARN notice [SECURITY] ajv has the following vulnerabilities: 2 moderate. Go here for more details: https://github.com/advisories?query=ajv - Run `npm i npm@latest -g` to upgrade your npm version, and then `npm audit` to get more info.
WARN notice [SECURITY] got has the following vulnerability: 1 moderate. Go here for more details: https://github.com/advisories?query=got - Run `npm i npm@latest -g` to upgrade your npm version, and then `npm audit` to get more info.
WARN notice [SECURITY] serve-static has the following vulnerability: 1 low. Go here for more details: https://github.com/advisories?query=serve-static - Run `npm i npm@latest -g` to upgrade your npm version, and then `npm audit` to get more info.
WARN notice [SECURITY] send has the following vulnerability: 1 low. Go here for more details: https://github.com/advisories?query=send - Run `npm i npm@latest -g` to upgrade your npm version, and then `npm audit` to get more info.
WARN notice [SECURITY] ssri has the following vulnerability: 1 high. Go here for more details: https://github.com/advisories?query=ssri - Run `npm i npm@latest -g` to upgrade your npm version, and then `npm audit` to get more info.
WARN notice [SECURITY] set-value has the following vulnerabilities: 1 critical, 1 high. Go here for more details: https://github.com/advisories?query=set-value - Run `npm i npm@latest -g` to upgrade your npm version, and then `npm audit` to get more info.
WARN notice [SECURITY] async has the following vulnerability: 1 high. Go here for more details: https://github.com/advisories?query=async - Run `npm i npm@latest -g` to upgrade your npm version, and then `npm audit` to get more info.
WARN notice [SECURITY] shelljs has the following vulnerabilities: 1 high, 1 moderate. Go here for more details: https://github.com/advisories?query=shelljs - Run `npm i npm@latest -g` to upgrade your npm version, and then `npm audit` to get more info.
WARN notice [SECURITY] pbkdf2 has the following vulnerabilities: 2 critical. Go here for more details: https://github.com/advisories?query=pbkdf2 - Run `npm i npm@latest -g` to upgrade your npm version, and then `npm audit` to get more info.
WARN notice [SECURITY] browserify-sign has the following vulnerability: 1 high. Go here for more details: https://github.com/advisories?query=browserify-sign - Run `npm i npm@latest -g` to upgrade your npm version, and then `npm audit` to get more info.
WARN notice [SECURITY] sha.js has the following vulnerability: 1 critical. Go here for more details: https://github.com/advisories?query=sha.js - Run `npm i npm@latest -g` to upgrade your npm version, and then `npm audit` to get more info.
WARN notice [SECURITY] serialize-javascript has the following vulnerabilities: 2 high, 2 moderate. Go here for more details: https://github.com/advisories?query=serialize-javascript - Run `npm i npm@latest -g` to upgrade your npm version, and then `npm audit` to get more info.
WARN notice [SECURITY] semver has the following vulnerability: 1 high. Go here for more details: https://github.com/advisories?query=semver - Run `npm i npm@latest -g` to upgrade your npm version, and then `npm audit` to get more info.
WARN notice [SECURITY] y18n has the following vulnerability: 1 high. Go here for more details: https://github.com/advisories?query=y18n - Run `npm i npm@latest -g` to upgrade your npm version, and then `npm audit` to get more info.
WARN notice [SECURITY] scss-tokenizer has the following vulnerability: 1 high. Go here for more details: https://github.com/advisories?query=scss-tokenizer - Run `npm i npm@latest -g` to upgrade your npm version, and then `npm audit` to get more info.
WARN notice [SECURITY] yargs-parser has the following vulnerability: 1 moderate. Go here for more details: https://github.com/advisories?query=yargs-parser - Run `npm i npm@latest -g` to upgrade your npm version, and then `npm audit` to get more info.
WARN notice [SECURITY] node-fetch has the following vulnerability: 1 high. Go here for more details: https://github.com/advisories?query=node-fetch - Run `npm i npm@latest -g` to upgrade your npm version, and then `npm audit` to get more info.
WARN notice [SECURITY] dns-packet has the following vulnerability: 1 high. Go here for more details: https://github.com/advisories?query=dns-packet - Run `npm i npm@latest -g` to upgrade your npm version, and then `npm audit` to get more info.
WARN notice [SECURITY] cipher-base has the following vulnerability: 1 critical. Go here for more details: https://github.com/advisories?query=cipher-base - Run `npm i npm@latest -g` to upgrade your npm version, and then `npm audit` to get more info.
WARN notice [SECURITY] http-proxy has the following vulnerability: 1 high. Go here for more details: https://github.com/advisories?query=http-proxy - Run `npm i npm@latest -g` to upgrade your npm version, and then `npm audit` to get more info.
WARN notice [SECURITY] braces has the following vulnerability: 1 high. Go here for more details: https://github.com/advisories?query=braces - Run `npm i npm@latest -g` to upgrade your npm version, and then `npm audit` to get more info.
WARN notice [SECURITY] micromatch has the following vulnerability: 1 moderate. Go here for more details: https://github.com/advisories?query=micromatch - Run `npm i npm@latest -g` to upgrade your npm version, and then `npm audit` to get more info.
WARN notice [SECURITY] qs has the following vulnerability: 1 high. Go here for more details: https://github.com/advisories?query=qs - Run `npm i npm@latest -g` to upgrade your npm version, and then `npm audit` to get more info.
WARN notice [SECURITY] ajv has the following vulnerability: 1 moderate. Go here for more details: https://github.com/advisories?query=ajv - Run `npm i npm@latest -g` to upgrade your npm version, and then `npm audit` to get more info.
WARN notice [SECURITY] ajv has the following vulnerability: 1 moderate. Go here for more details: https://github.com/advisories?query=ajv - Run `npm i npm@latest -g` to upgrade your npm version, and then `npm audit` to get more info.
WARN notice [SECURITY] postcss has the following vulnerabilities: 3 moderate. Go here for more details: https://github.com/advisories?query=postcss - Run `npm i npm@latest -g` to upgrade your npm version, and then `npm audit` to get more info.
WARN notice [SECURITY] path-parse has the following vulnerability: 1 moderate. Go here for more details: https://github.com/advisories?query=path-parse - Run `npm i npm@latest -g` to upgrade your npm version, and then `npm audit` to get more info.
WARN notice [SECURITY] path-to-regexp has the following vulnerabilities: 2 high. Go here for more details: https://github.com/advisories?query=path-to-regexp - Run `npm i npm@latest -g` to upgrade your npm version, and then `npm audit` to get more info.
WARN notice [SECURITY] on-headers has the following vulnerability: 1 low. Go here for more details: https://github.com/advisories?query=on-headers - Run `npm i npm@latest -g` to upgrade your npm version, and then `npm audit` to get more info.
WARN notice [SECURITY] loader-utils has the following vulnerability: 1 critical. Go here for more details: https://github.com/advisories?query=loader-utils - Run `npm i npm@latest -g` to upgrade your npm version, and then `npm audit` to get more info.
WARN notice [SECURITY] nth-check has the following vulnerability: 1 high. Go here for more details: https://github.com/advisories?query=nth-check - Run `npm i npm@latest -g` to upgrade your npm version, and then `npm audit` to get more info.
WARN notice [SECURITY] tough-cookie has the following vulnerability: 1 moderate. Go here for more details: https://github.com/advisories?query=tough-cookie - Run `npm i npm@latest -g` to upgrade your npm version, and then `npm audit` to get more info.
WARN notice [SECURITY] ajv has the following vulnerabilities: 2 moderate. Go here for more details: https://github.com/advisories?query=ajv - Run `npm i npm@latest -g` to upgrade your npm version, and then `npm audit` to get more info.
WARN notice [SECURITY] node-forge has the following vulnerabilities: 9 high, 3 moderate, 3 low. Go here for more details: https://github.com/advisories?query=node-forge - Run `npm i npm@latest -g` to upgrade your npm version, and then `npm audit` to get more info.
WARN notice [SECURITY] semver has the following vulnerability: 1 high. Go here for more details: https://github.com/advisories?query=semver - Run `npm i npm@latest -g` to upgrade your npm version, and then `npm audit` to get more info.
WARN notice [SECURITY] es5-ext has the following vulnerability: 1 low. Go here for more details: https://github.com/advisories?query=es5-ext - Run `npm i npm@latest -g` to upgrade your npm version, and then `npm audit` to get more info.
WARN notice [SECURITY] fsevents has the following vulnerabilities: 2 critical. Go here for more details: https://github.com/advisories?query=fsevents - Run `npm i npm@latest -g` to upgrade your npm version, and then `npm audit` to get more info.
WARNWARN  noticenotice [SECURITY] follow-redirects has the following vulnerabilities: 1 high, 4 moderate. Go here for more details: https://github.com/advisories?query=follow-redirects - Run `npm i npm@latest -g` to upgrade your npm version, and then `npm audit` to get more info.
 [SECURITY] https-proxy-agent has the following vulnerability: 1 moderate. Go here for more details: https://github.com/advisories?query=https-proxy-agent - Run `npm i npm@latest -g` to upgrade your npm version, and then `npm audit` to get more info.
WARN WARNWARNnoticeWARN   [SECURITY] minimist has the following vulnerabilities: 1 critical, 1 moderate. Go here for more details: https://github.com/advisories?query=minimist - Run `npm i npm@latest -g` to upgrade your npm version, and then `npm audit` to get more info.
 noticeWARNnotice  [SECURITY] form-data has the following vulnerability: 1 critical. Go here for more details: https://github.com/advisories?query=form-data - Run `npm i npm@latest -g` to upgrade your npm version, and then `npm audit` to get more info.
noticenotice [SECURITY] mixin-deep has the following vulnerability: 1 critical. Go here for more details: https://github.com/advisories?query=mixin-deep - Run `npm i npm@latest -g` to upgrade your npm version, and then `npm audit` to get more info.
WARN notice [SECURITY] mem has the following vulnerability: 1 moderate. Go here for more details: https://github.com/advisories?query=mem - Run `npm i npm@latest -g` to upgrade your npm version, and then `npm audit` to get more info.
 [SECURITY] elliptic has the following vulnerabilities: 1 critical, 1 high, 1 moderate, 6 low. Go here for more details: https://github.com/advisories?query=elliptic - Run `npm i npm@latest -g` to upgrade your npm version, and then `npm audit` to get more info.
 [SECURITY] minimatch has the following vulnerability: 1 high. Go here for more details: https://github.com/advisories?query=minimatch - Run `npm i npm@latest -g` to upgrade your npm version, and then `npm audit` to get more info.
WARN notice [SECURITY] merge has the following vulnerabilities: 2 high. Go here for more details: https://github.com/advisories?query=merge - Run `npm i npm@latest -g` to upgrade your npm version, and then `npm audit` to get more info.
WARN notice [SECURITY] marked has the following vulnerabilities: 2 high, 1 moderate, 1 low. Go here for more details: https://github.com/advisories?query=marked - Run `npm i npm@latest -g` to upgrade your npm version, and then `npm audit` to get more info.
WARN notice [SECURITY] lodash has the following vulnerabilities: 1 critical, 4 high, 4 moderate. Go here for more details: https://github.com/advisories?query=lodash - Run `npm i npm@latest -g` to upgrade your npm version, and then `npm audit` to get more info.
WARN notice [SECURITY] loader-utils has the following vulnerabilities: 1 critical, 2 high. Go here for more details: https://github.com/advisories?query=loader-utils - Run `npm i npm@latest -g` to upgrade your npm version, and then `npm audit` to get more info.
WARN notice [SECURITY] lodash.mergewith has the following vulnerability: 1 high. Go here for more details: https://github.com/advisories?query=lodash.mergewith - Run `npm i npm@latest -g` to upgrade your npm version, and then `npm audit` to get more info.
WARN notice [SECURITY] kind-of has the following vulnerability: 1 high. Go here for more details: https://github.com/advisories?query=kind-of - Run `npm i npm@latest -g` to upgrade your npm version, and then `npm audit` to get more info.
WARN notice [SECURITY] json5 has the following vulnerability: 1 high. Go here for more details: https://github.com/advisories?query=json5 - Run `npm i npm@latest -g` to upgrade your npm version, and then `npm audit` to get more info.
WARN notice [SECURITY] json-schema has the following vulnerability: 1 critical. Go here for more details: https://github.com/advisories?query=json-schema - Run `npm i npm@latest -g` to upgrade your npm version, and then `npm audit` to get more info.
WARN notice [SECURITY] jsonpointer has the following vulnerability: 1 moderate. Go here for more details: https://github.com/advisories?query=jsonpointer - Run `npm i npm@latest -g` to upgrade your npm version, and then `npm audit` to get more info.
WARN notice [SECURITY] js-yaml has the following vulnerabilities: 1 high, 2 moderate. Go here for more details: https://github.com/advisories?query=js-yaml - Run `npm i npm@latest -g` to upgrade your npm version, and then `npm audit` to get more info.
WARN notice [SECURITY] dot-prop has the following vulnerability: 1 high. Go here for more details: https://github.com/advisories?query=dot-prop - Run `npm i npm@latest -g` to upgrade your npm version, and then `npm audit` to get more info.
WARN noticeWARN  [SECURITY] ip has the following vulnerabilities: 1 high, 1 low. Go here for more details: https://github.com/advisories?query=ip - Run `npm i npm@latest -g` to upgrade your npm version, and then `npm audit` to get more info.
notice [SECURITY] ini has the following vulnerability: 1 high. Go here for more details: https://github.com/advisories?query=ini - Run `npm i npm@latest -g` to upgrade your npm version, and then `npm audit` to get more info.
WARN notice [SECURITY] hosted-git-info has the following vulnerability: 1 moderate. Go here for more details: https://github.com/advisories?query=hosted-git-info - Run `npm i npm@latest -g` to upgrade your npm version, and then `npm audit` to get more info.
WARN notice [SECURITY] highlight.js has the following vulnerabilities: 2 moderate. Go here for more details: https://github.com/advisories?query=highlight.js - Run `npm i npm@latest -g` to upgrade your npm version, and then `npm audit` to get more info.
WARN notice [SECURITY] minimist has the following vulnerabilities: 1 critical, 1 moderate. Go here for more details: https://github.com/advisories?query=minimist - Run `npm i npm@latest -g` to upgrade your npm version, and then `npm audit` to get more info.
WARN notice [SECURITY] qs has the following vulnerabilities: 1 high, 1 moderate. Go here for more details: https://github.com/advisories?query=qs - Run `npm i npm@latest -g` to upgrade your npm version, and then `npm audit` to get more info.
WARN notice [SECURITY] ejs has the following vulnerabilities: 1 critical, 1 moderate. Go here for more details: https://github.com/advisories?query=ejs - Run `npm i npm@latest -g` to upgrade your npm version, and then `npm audit` to get more info.
WARN notice [SECURITY] diff has the following vulnerability: 1 low. Go here for more details: https://github.com/advisories?query=diff - Run `npm i npm@latest -g` to upgrade your npm version, and then `npm audit` to get more info.
WARN notice [SECURITY] decode-uri-component has the following vulnerability: 1 high. Go here for more details: https://github.com/advisories?query=decode-uri-component - Run `npm i npm@latest -g` to upgrade your npm version, and then `npm audit` to get more info.
WARN notice [SECURITY] css-what has the following vulnerability: 1 high. Go here for more details: https://github.com/advisories?query=css-what - Run `npm i npm@latest -g` to upgrade your npm version, and then `npm audit` to get more info.
WARN notice [SECURITY] cookie has the following vulnerability: 1 low. Go here for more details: https://github.com/advisories?query=cookie - Run `npm i npm@latest -g` to upgrade your npm version, and then `npm audit` to get more info.
WARN notice [SECURITY] brace-expansion has the following vulnerability: 1 low. Go here for more details: https://github.com/advisories?query=brace-expansion - Run `npm i npm@latest -g` to upgrade your npm version, and then `npm audit` to get more info.
WARN notice [SECURITY] chownr has the following vulnerability: 1 low. Go here for more details: https://github.com/advisories?query=chownr - Run `npm i npm@latest -g` to upgrade your npm version, and then `npm audit` to get more info.
WARN notice [SECURITY] bn.js has the following vulnerability: 1 moderate. Go here for more details: https://github.com/advisories?query=bn.js - Run `npm i npm@latest -g` to upgrade your npm version, and then `npm audit` to get more info.
WARN notice [SECURITY] ansi-html has the following vulnerability: 1 high. Go here for more details: https://github.com/advisories?query=ansi-html - Run `npm i npm@latest -g` to upgrade your npm version, and then `npm audit` to get more info.

> fsevents@1.2.4 install <LANE>/node_modules/fsevents
> node install

[fsevents] Success: "<LANE>/node_modules/fsevents/lib/binding/Release/node-v57-darwin-x64/fse.node" already installed
Pass --update-binary to reinstall or --build-from-source to recompile

> node-sass@4.9.3 install <LANE>/node_modules/node-sass
> node scripts/install.js

Downloading binary from https://github.com/sass/node-sass/releases/download/v4.9.3/darwin-x64-57_binding.node
Download complete
Binary saved to <LANE>/node_modules/node-sass/vendor/darwin-x64-57/binding.node
Caching binary to <NPM-CACHE-ROOT>/npm-cache/node-sass/4.9.3/darwin-x64-57_binding.node

> node-sass@4.9.3 postinstall <LANE>/node_modules/node-sass
> node scripts/build.js

Binary found at <LANE>/node_modules/node-sass/vendor/darwin-x64-57/binding.node
Testing binary
Binary is fine

> nodemon@1.18.7 postinstall <LANE>/node_modules/nodemon
> node bin/postinstall || exit 0

[32mLove nodemon? You can now support the project via the open collective:[22m[39m
 > [96m[1mhttps://opencollective.com/nodemon/donate[0m

added 1271 packages in 14.529s
