--- pnpm exec vp test --project node (exit 0) ---
 RUN  /Users/jacksm5pro/dev/open-source/versionless

{"preflight":"pass"}

 Test Files  263 passed (263)
      Tests  2836 passed | 2 skipped (2838)
   Start at  08:22:41
   Duration  157.46s (transform 10.89s, setup 0ms, import 35.45s, tests 273.95s, environment 13ms)



--- node --experimental-strip-types packages/cli/src/cli.ts refusal-census --verify-only --json 2>/dev/null | node -e "let b='';process.stdin.on('data',d=>b+=d);process.stdin.on('end',()=>{const d=JSON.parse(b);if(!d.matchesPublished)throw new Error('census drifted');console.log('CENSUS-OK sites='+d.census.summary.sites)})" (exit 0) ---
CENSUS-OK sites=198


--- npm run trust:verify -- --offline (exit 0) ---
{"valid":true,"digest":"97f9d4bcc230ff349528f1f8b774913baf0b2765dded79f867885b8b3ff46f02","deterministicCore":"90fca88fd6a3c6152c30d05ebe47a498a771dbf41fc9beef36ecd26b74f15594","artifacts":12}

npm warn Unknown project config "store-dir". This will stop working in the next major version of npm. See `npm help npmrc` for supported config options.
npm warn Unknown project config "virtual-store-dir". This will stop working in the next major version of npm. See `npm help npmrc` for supported config options.
npm warn Unknown project config "state-dir". This will stop working in the next major version of npm. See `npm help npmrc` for supported config options.
npm notice run versionless-workspace@0.0.0 trust:verify
npm notice run node --experimental-strip-types packages/cli/src/cli.ts trust:verify --offline

--- node -e "const r=require('./evidence/trust/current/coverage-report.json');const t=r.totals;if(t.proven!==11||t.applications!==23)throw new Error(JSON.stringify(t));const f=r.applications.find(a=>a.id==='react-flame-v2-4-0');if(!f)throw new Error('no flame row');console.log('FLAME-ROW:',JSON.stringify(f).slice(0,200))" (exit 0) ---
FLAME-ROW: {"id":"react-flame-v2-4-0","application":".versionless/work/react-flame-v2-4-0/baseline","framework":"react","provenanceOfStatus":"run-record","status":"proven","interventionCount":0,"stages":[{"name"


--- node --experimental-strip-types packages/cli/src/cli.ts supported-matrix --offline 2>&1 | grep -q "react: 6 counted of 6" && echo REACT-CELLS-UNCHANGED (exit 0) ---
REACT-CELLS-UNCHANGED


--- node -e "const f=require('./evidence/trust/current/adapter-freeze.json');if(!String(f.freeze.composite).startsWith('140ce86e'))throw new Error('composite moved');console.log('COMPOSITE-STABLE')" (exit 0) ---
COMPOSITE-STABLE


--- git diff --quiet HEAD -- evidence/runs/react-flame-v2-4-0 evidence/runs/angular2-hn && echo APP-RECORDS-UNTOUCHED (exit 0) ---
APP-RECORDS-UNTOUCHED


--- git diff --quiet HEAD -- packages/trust/src/freeze.ts packages/frameworks packages/core/src/migrations packages/core/src/bundlers packages/core/src/analysis && echo FREEZE-POINT-AND-SUBTREES-UNTOUCHED (exit 0) ---
FREEZE-POINT-AND-SUBTREES-UNTOUCHED


--- grep -q 'distribution-not-built\|dist.*not.*built' docs/goals/bank-demo-fleet-pipeline/notes/T998-live-run-runbook.md && echo RUNBOOK-LINE-ADDED (exit 0) ---
RUNBOOK-LINE-ADDED


