--- node -e "const r=require('./evidence/runs/react-flame-v2-4-0/run-record.json');const ran=(r.stages||[]).filter(s=>s.status==='ran').length;if(ran!==9)throw new Error('stages '+ran);console.log('FLAME-9-9')" (exit 0) ---
FLAME-9-9


--- node -e "const i=require('./evidence/runs/react-flame-v2-4-0/run-record.json.interventions.json');const c=i.interventionCount??i.count;if(c!==0)throw new Error('interventions '+c);console.log('INTERVENTIONS-0')" (exit 0) ---
INTERVENTIONS-0


--- node -e "const r=require('./evidence/runs/react-flame-v2-4-0/run-record.json');const b=(r.stages||[]).find(s=>(s.stage||s.name)==='build');const j=JSON.stringify(b);if(!j.includes('build-vite')||!j.includes('\"outputFiles\":24'))throw new Error('pinned build fields moved');console.log('BUILD-FIELDS-REPRODUCED')" (exit 0) ---
BUILD-FIELDS-REPRODUCED


--- node -e "const r=require('./evidence/runs/react-flame-v2-4-0/run-record.json');const inst=(r.stages||[]).find(s=>(s.stage||s.name)==='install');const w=(r.stages||[]).find(s=>(s.stage||s.name)==='witness');const ji=JSON.stringify(inst),jw=JSON.stringify(w);if(!ji.includes('installScripts'))throw new Error('no installScripts reading');if(!jw.includes('journeys')||!jw.includes('locality'))throw new Error('witness row thin');console.log('HONESTY-FIELDS-MEASURED')" (exit 0) ---
HONESTY-FIELDS-MEASURED


--- npm run trust:verify -- --offline (exit 0) ---
{"valid":true,"digest":"81936bb130c2e102ca17b38e25a70dff764e2a1fa712d1b70fba43ee16e29d8b","deterministicCore":"90fca88fd6a3c6152c30d05ebe47a498a771dbf41fc9beef36ecd26b74f15594","artifacts":12}

npm warn Unknown project config "store-dir". This will stop working in the next major version of npm. See `npm help npmrc` for supported config options.
npm warn Unknown project config "virtual-store-dir". This will stop working in the next major version of npm. See `npm help npmrc` for supported config options.
npm warn Unknown project config "state-dir". This will stop working in the next major version of npm. See `npm help npmrc` for supported config options.
npm notice run versionless-workspace@0.0.0 trust:verify
npm notice run node --experimental-strip-types packages/cli/src/cli.ts trust:verify --offline

--- node -e "const r=require('./evidence/trust/current/coverage-report.json');const t=r.totals;if(t.proven!==11||t.applications!==23)throw new Error(JSON.stringify(t));const f=r.applications.find(a=>a.id==='react-flame-v2-4-0');if(!f.provenBoundedness)throw new Error('no bounds on row');console.log('ROW-BOUNDED:',JSON.stringify(f.provenBoundedness).slice(0,150))" (exit 0) ---
ROW-BOUNDED: ["Dependency install scripts: the install row declares the install-script policy, names 3 package(s) the lockfile marks as carrying an install script,


--- node --experimental-strip-types packages/cli/src/cli.ts refusal-census --verify-only --json 2>/dev/null | node -e "let b='';process.stdin.on('data',d=>b+=d);process.stdin.on('end',()=>{const d=JSON.parse(b);if(!d.matchesPublished)throw new Error('census drifted');console.log('CENSUS-OK sites='+d.census.summary.sites)})" (exit 0) ---
CENSUS-OK sites=198


--- node --experimental-strip-types packages/cli/src/cli.ts supported-matrix --offline 2>&1 | grep -q "react: 6 counted of 6" && echo REACT-CELLS-UNCHANGED (exit 0) ---
REACT-CELLS-UNCHANGED


--- node -e "const f=require('./evidence/trust/current/adapter-freeze.json');if(!String(f.freeze.composite).startsWith('140ce86e'))throw new Error('composite moved');console.log('COMPOSITE-STABLE')" (exit 0) ---
COMPOSITE-STABLE


--- git diff --quiet HEAD -- packages && echo NO-SOURCE-CHANGES (exit 0) ---
NO-SOURCE-CHANGES


