--- pnpm exec vp test --project node (exit 0) ---
 RUN  /Users/jacksm5pro/dev/open-source/versionless

{"preflight":"pass"}

 Test Files  260 passed (260)
      Tests  2794 passed | 2 skipped (2796)
   Start at  06:43:31
   Duration  163.00s (transform 11.21s, setup 0ms, import 35.52s, tests 271.27s, environment 13ms)



--- node --experimental-strip-types packages/cli/src/cli.ts refusal-census --verify-only --json 2>/dev/null | node -e "let b='';process.stdin.on('data',d=>b+=d);process.stdin.on('end',()=>{const d=JSON.parse(b);if(!d.matchesPublished)throw new Error('census drifted');console.log('CENSUS-OK sites='+d.census.summary.sites)})" (exit 0) ---
CENSUS-OK sites=196


--- npm run trust:verify -- --offline (exit 0) ---
{"valid":true,"digest":"cff1263ab1d2edd2f4b0554ef2745f7bec1d19e5f94dd33743292d4bef1652e9","deterministicCore":"63fa5f86fd274bae1569ac4927bdd7327d1e71368fac19ea0aef428b16464e58","artifacts":12}

npm warn Unknown project config "store-dir". This will stop working in the next major version of npm. See `npm help npmrc` for supported config options.
npm warn Unknown project config "virtual-store-dir". This will stop working in the next major version of npm. See `npm help npmrc` for supported config options.
npm warn Unknown project config "state-dir". This will stop working in the next major version of npm. See `npm help npmrc` for supported config options.
npm notice run versionless-workspace@0.0.0 trust:verify
npm notice run node --experimental-strip-types packages/cli/src/cli.ts trust:verify --offline

--- node -e "const r=require('./evidence/trust/current/coverage-report.json').totals;if(r.proven!==11||r.applications!==23)throw new Error(JSON.stringify(r));console.log('COVERAGE-TOTALS-UNCHANGED')" (exit 0) ---
COVERAGE-TOTALS-UNCHANGED


--- git diff --quiet HEAD -- evidence/runs/angular2-hn evidence/runs/react-flame-v2-4-0 && echo EXHIBIT-RECORDS-UNTOUCHED (exit 0) ---
EXHIBIT-RECORDS-UNTOUCHED


--- node -e "const f=require('./evidence/trust/current/adapter-freeze.json');if(!String(f.freeze.composite).startsWith('140ce86e'))throw new Error('composite moved');console.log('COMPOSITE-STABLE')" (exit 0) ---
COMPOSITE-STABLE


--- git diff --quiet HEAD -- packages/frameworks packages/core packages/trust/src && echo FROZEN-TRUST-CORE-UNTOUCHED (exit 0) ---
FROZEN-TRUST-CORE-UNTOUCHED


