--- git rev-parse HEAD | grep -q 622375603a375abb20146dafb4558515b033ad31 (exit 0) ---


--- git cat-file -e 'refs/versionless/recovery/legacy-react-angular-production-readiness-pre-goal-20260810^{commit}' (exit 0) ---


--- git cat-file -e 'refs/versionless/recovery/legacy-react-angular-production-readiness-pre-goal-20260810-2^{commit}' (exit 0) ---


--- test -s docs/goals/legacy-react-angular-production-readiness/notes/pre-goal-recovery-manifest.json (exit 0) ---


--- grep -q 'pre-goal-20260810-2' docs/goals/legacy-react-angular-production-readiness/notes/pre-goal-recovery-manifest.json (exit 0) ---


--- git worktree add --detach /private/tmp/vl-recovery-verify 622375603a375abb20146dafb4558515b033ad31 && git -C /private/tmp/vl-recovery-verify stash apply refs/versionless/recovery/legacy-react-angular-production-readiness-pre-goal-20260810-2 && pnpm exec tsx scripts/verify-recovery-snapshot.ts --root /private/tmp/vl-recovery-verify --base 622375603a375abb20146dafb4558515b033ad31 --manifest docs/goals/legacy-react-angular-production-readiness/notes/pre-goal-recovery-manifest.json; rc=$?; git worktree remove --force /private/tmp/vl-recovery-verify >/dev/null 2>&1; exit $rc (exit 0) ---
HEAD is now at 6223756 feat: checkpoint React and Angular migration evidence
Not currently on any branch.
Changes not staged for commit:
  (use "git add <file>..." to update what will be committed)
  (use "git restore <file>..." to discard changes in working directory)
	modified:   docs/goals/react-angular-migration-spine/state.yaml
	modified:   evidence/runs/aggregate.json
	modified:   evidence/runs/witness-angular-realworld/receipt.json
	modified:   evidence/runs/witness-angular-realworld/receipt.md
	modified:   evidence/trust/current/dependency-graph.cdx.json
	modified:   evidence/trust/current/licenses.json
	modified:   evidence/trust/current/manifest.json
	modified:   evidence/trust/current/provenance.json
	modified:   evidence/trust/current/report.md

Untracked files:
  (use "git add <file>..." to include in what will be committed)
	docs/goals/legacy-react-angular-production-readiness/
	evidence/ingests/react-graphql-playground/
	evidence/ingests/react-netlify-cms/
	evidence/ingests/react-parse-dashboard/
	evidence/ingests/react-redux-realworld/
	evidence/ingests/react-shlink-web-client/
	evidence/ingests/react-sqlpad-v5-5-0/attempt.json
	evidence/ingests/react-sqlpad-v5-5-0/source.json
	evidence/ingests/react-sqlpad-v5-5-0/t664/
	evidence/ingests/react-taskcafe-v032/
	packages/cli/src/fixture/react-flagsmith-ingest.ts
	packages/cli/src/fixture/react-jira-clone-ingest.ts
	packages/cli/src/fixture/react-netlify-cms-ingest.ts
	packages/cli/src/fixture/react-redux-realworld-ingest.ts
	packages/cli/src/fixture/react-shlink-web-client-ingest.ts
	packages/cli/src/fixture/react-shlink-web-client-t714-ingest.ts
	packages/cli/test/react-flagsmith-ingest.test.ts
	packages/cli/test/react-netlify-cms-ingest.test.ts
	packages/cli/test/react-redux-realworld-ingest.test.ts
	packages/cli/test/react-shlink-web-client-ingest.test.ts
	packages/cli/test/react-shlink-web-client-t714-ingest.test.ts
	scripts/

no changes added to commit (use "git add" and/or "git commit -a")
{"entries":52,"recoveryCommit":"1e1dafd112d7fe525f3e9183148f506225e0f9a2","verified":true}

Preparing worktree (detached HEAD 6223756)

