--- npm run lint (exit 0) ---

  ! eslint(no-unused-vars): Identifier 'cp' is imported but never used.
   ,-[packages/cli/src/fixture/angular-realworld-v15-to-v16-ingest.ts:5:2]
 4 |     access,
 5 |     cp,
   :     ^|
   :      `-- 'cp' is imported here
 6 |     mkdir,
   `----
  help: Consider removing this import.

  ! eslint(no-unused-vars): Identifier 'withQuery' is imported but never used.
    ,-[packages/cli/src/fixture/react-verdaccio-ingest.ts:16:29]
 15 | import { basename, dirname, join, relative, resolve } from 'pathe';
 16 | import { joinURL, parseURL, withQuery } from 'ufo';
    :                             ^^^^|^^^^
    :                                 `-- 'withQuery' is imported here
 17 | import { canonicalize, sha256 } from '../../../core/src/receipts/canonicalize.ts';
    `----
  help: Consider removing this import.

  ! eslint(no-unused-vars): Type alias 'RefRow' is declared but never used.
    ,-[packages/cli/src/fixture/react-verdaccio-ingest.ts:36:6]
 35 | 
 36 | type RefRow = { ref: string; object: { type: 'commit' | 'tag'; sha: string } };
    :      ^^^|^^
    :         `-- 'RefRow' is declared here
 37 | type Candidate = {
    `----
  help: Consider removing this declaration.

  ! eslint(no-unsafe-optional-chaining): Unsafe usage of optional chaining
     ,-[packages/core/test/corpus-conformance.test.ts:896:11]
 895 |         expect(earlier).toBeDefined();
 896 |         expect((earlier?.source as Record<string, unknown>).revision).toBe(
     :                 ^^^^^^^^^^^^^^^
 897 |             verified.receipt.source.revision,
     `----
  help: If this short-circuits with 'undefined' the evaluation will throw TypeError

  ! eslint(no-unsafe-optional-chaining): Unsafe usage of optional chaining
     ,-[packages/core/test/corpus-conformance.test.ts:959:5]
 958 |         expect(verified.receipt.source.revision).toBe(
 959 |             (killedbygoogle?.source as Record<string, unknown>).revision,
     :              ^^^^^^^^^^^^^^^^^^^^^^
 960 |         );
     `----
  help: If this short-circuits with 'undefined' the evaluation will throw TypeError

  ! eslint(no-unsafe-optional-chaining): Unsafe usage of optional chaining
     ,-[packages/core/test/corpus-conformance.test.ts:962:5]
 961 |         expect(verified.receipt.source.archiveSha256).toBe(
 962 |             (killedbygoogle?.source as Record<string, unknown>).archiveSha256,
     :              ^^^^^^^^^^^^^^^^^^^^^^
 963 |         );
     `----
  help: If this short-circuits with 'undefined' the evaluation will throw TypeError

  ! eslint(no-unused-vars): Identifier 'WITNESS_NEXT_KILLED_BY_GOOGLE_TRACKED_EVENTS' is imported but never used.
    ,-[packages/core/test/witness-next-killedbygoogle-receipt.test.ts:13:2]
 12 |     WITNESS_NEXT_KILLED_BY_GOOGLE_SCHEMA,
 13 |     WITNESS_NEXT_KILLED_BY_GOOGLE_TRACKED_EVENTS,
    :     ^^^^^^^^^^^^^^^^^^^^^^|^^^^^^^^^^^^^^^^^^^^^
    :                           `-- 'WITNESS_NEXT_KILLED_BY_GOOGLE_TRACKED_EVENTS' is imported here
 14 |     witnessNextKilledByGoogleBehaviorDigest,
    `----
  help: Consider removing this import.

  ! eslint(no-unused-vars): Variable 'KBG_FILTER' is declared but never used. Unused variables should start with a '_'.
      ,-[packages/cli/src/witness/real-app-run.ts:2147:7]
 2146 | const KBG_SEARCH_BOX = '#searchBox' as const;
 2147 | const KBG_FILTER = '#listFilter' as const;
      :       ^^^^^|^^^^
      :            `-- 'KBG_FILTER' is declared here
 2148 | const KBG_FILTER_INPUT = '#react-select-filter-select-input' as const;
      `----
  help: Consider removing this declaration.

  ! eslint(no-unused-vars): Identifier 'TRUST_SCHEMA' is imported but never used.
    ,-[packages/trust/src/enterprise.ts:29:30]
 28 | } from './coverage-report.ts';
 29 | import { asRecord, asString, TRUST_SCHEMA, type TrustManifest } from './schema.ts';
    :                              ^^^^^^|^^^^^
    :                                    `-- 'TRUST_SCHEMA' is imported here
 30 | 
    `----
  help: Consider removing this import.

  ! eslint(no-unused-vars): Identifier 'WITNESS_REACT_CYPRESS_RWA_PLACEHOLDERS' is imported but never used.
   ,-[packages/core/src/receipts/holdout-react-cypress-rwa-witness.ts:6:2]
 5 |     summarizeWitnessReactCypressRwaTwoLaneParity,
 6 |     WITNESS_REACT_CYPRESS_RWA_PLACEHOLDERS,
   :     ^^^^^^^^^^^^^^^^^^^|^^^^^^^^^^^^^^^^^^
   :                        `-- 'WITNESS_REACT_CYPRESS_RWA_PLACEHOLDERS' is imported here
 7 |     WITNESS_REACT_CYPRESS_RWA_ROUTES,
   `----
  help: Consider removing this import.

  ! eslint-plugin-unicorn(no-useless-spread): Using a spread operator here creates a new object unnecessarily.
     ,-[packages/trust/src/coverage-report.ts:626:9]
 625 |                             interventions: {
 626 |                                 ...(typeof interventions.count === 'number'
     :                                 ^^^
 627 |                                     ? { count: interventions.count }
     `----
  help: This expression returns a new object. Spreading it into an object expression to create a new object is redundant.

  ! eslint(no-unused-vars): Variable 'umiMajor' is declared but never used. Unused variables should start with a '_'.
     ,-[packages/cli/src/fixture/react-unleash-ingest.ts:934:9]
 933 |         const webpackMajor = selectedPackage.webpackMajor;
 934 |         const umiMajor = selectedPackage.umiMajor ?? null;
     :               ^^^^|^^^
     :                   `-- 'umiMajor' is declared here
 935 |         const craMajor = selectedPackage.craMajor ?? null;
     `----
  help: Consider removing this declaration.

  ! eslint(no-unused-vars): Variable 'craMajor' is declared but never used. Unused variables should start with a '_'.
     ,-[packages/cli/src/fixture/react-unleash-ingest.ts:935:9]
 934 |         const umiMajor = selectedPackage.umiMajor ?? null;
 935 |         const craMajor = selectedPackage.craMajor ?? null;
     :               ^^^^|^^^
     :                   `-- 'craMajor' is declared here
 936 |         const viteMajor = selectedPackage.viteMajor ?? null;
     `----
  help: Consider removing this declaration.

  ! eslint(no-unused-vars): Identifier 'NODE_ARCHIVE_SHA256' is imported but never used.
    ,-[packages/cli/src/fixture/angular-realworld-v15-to-v16-run.ts:14:27]
 13 | } from './angular-realworld-v15-to-v16-ingest.ts';
 14 | import { CHROMIUM_SHA256, NODE_ARCHIVE_SHA256 } from './angular-realworld-v15-ingest.ts';
    :                           ^^^^^^^^^|^^^^^^^^^
    :                                    `-- 'NODE_ARCHIVE_SHA256' is imported here
 15 | 
    `----
  help: Consider removing this import.

  ! eslint(no-extra-boolean-cast): Redundant Boolean call
     ,-[packages/cli/src/fixture/vite8-shared-adapter-cohort-run.ts:148:8]
 147 |                 violations.push('url-not-canonical');
 148 |             if (Boolean(parseURL(candidate.url).host)) violations.push('url-remote');
     :                 ^^^^^^^^^^^^^^^^^^^^^^^^^^^^^^^^^^^^^
 149 |         }
     `----
  help: Remove the Boolean call as it will already be coerced to a boolean

  ! eslint-plugin-unicorn(no-useless-spread): Using a spread operator here creates a new array unnecessarily.
     ,-[packages/cli/src/fixture/vite8-shared-adapter-cohort-run.ts:208:13]
 207 |         actualValidation,
 208 |         missing: [...expected.filter((entry) => !actualByPath.has(entry.path))].sort(
     :                   ^^^
 209 |             (left, right) => compareUtf16CodeUnits(left.path, right.path),
     `----
  help: `expected.filter` returns a new array. Spreading it into an array expression to create a new array is redundant.

  ! eslint-plugin-unicorn(no-useless-spread): Using a spread operator here creates a new array unnecessarily.
     ,-[packages/cli/src/fixture/vite8-shared-adapter-cohort-run.ts:211:16]
 210 |         ),
 211 |         unexpected: [...actual.filter((entry) => !expectedByPath.has(entry.path))].sort(
     :                      ^^^
 212 |             (left, right) => compareUtf16CodeUnits(left.path, right.path),
     `----
  help: `actual.filter` returns a new array. Spreading it into an array expression to create a new array is redundant.

  ! eslint(no-unused-vars): Type alias 'RefRow' is declared but never used.
    ,-[packages/cli/src/fixture/react-mattermost-ingest.ts:39:6]
 38 | 
 39 | type RefRow = { ref: string; object: { type: 'commit' | 'tag'; sha: string } };
    :      ^^^|^^
    :         `-- 'RefRow' is declared here
 40 | type Candidate = {
    `----
  help: Consider removing this declaration.

  ! eslint(no-unused-vars): Variable 'umiMajor' is declared but never used. Unused variables should start with a '_'.
     ,-[packages/cli/src/fixture/react-mattermost-ingest.ts:954:9]
 953 |         const webpackMajor = selectedPackage.webpackMajor;
 954 |         const umiMajor = selectedPackage.umiMajor ?? null;
     :               ^^^^|^^^
     :                   `-- 'umiMajor' is declared here
 955 |         const craMajor = selectedPackage.craMajor ?? null;
     `----
  help: Consider removing this declaration.

  ! eslint(no-unused-vars): Identifier 'cp' is imported but never used.
   ,-[packages/cli/src/fixture/angular-realworld-v15-ingest.ts:5:2]
 4 |     access,
 5 |     cp,
   :     ^|
   :      `-- 'cp' is imported here
 6 |     mkdir,
   `----
  help: Consider removing this import.

  ! eslint(no-unused-vars): Identifier 'withQuery' is imported but never used.
    ,-[packages/cli/src/fixture/react-apisix-dashboard-ingest.ts:16:29]
 15 | import { basename, dirname, join, relative, resolve } from 'pathe';
 16 | import { joinURL, parseURL, withQuery } from 'ufo';
    :                             ^^^^|^^^^
    :                                 `-- 'withQuery' is imported here
 17 | import { canonicalize, sha256 } from '../../../core/src/receipts/canonicalize.ts';
    `----
  help: Consider removing this import.

  ! eslint(no-unused-vars): Variable 'hex40' is declared but never used. Unused variables should start with a '_'.
    ,-[packages/cli/src/fixture/react-apisix-dashboard-ingest.ts:30:7]
 29 | const cacheRoot = join(root, '.versionless/cache/react-apisix-dashboard-source-t684');
 30 | const hex40 = createRegExp(
    :       ^^|^^
    :         `-- 'hex40' is declared here
 31 |     charIn('0123456789').from('a', 'f').times(40).at.lineStart().at.lineEnd(),
    `----
  help: Consider removing this declaration.

  ! eslint(no-unused-vars): Type alias 'RefRow' is declared but never used.
    ,-[packages/cli/src/fixture/react-apisix-dashboard-ingest.ts:37:6]
 36 | 
 37 | type RefRow = { ref: string; object: { type: 'commit' | 'tag'; sha: string } };
    :      ^^^|^^
    :         `-- 'RefRow' is declared here
 38 | type Candidate = {
    `----
  help: Consider removing this declaration.

  ! eslint(no-unused-vars): Type alias 'RefRow' is declared but never used.
    ,-[packages/cli/src/fixture/react-strapi-ingest.ts:38:6]
 37 | 
 38 | type RefRow = { ref: string; object: { type: 'commit' | 'tag'; sha: string } };
    :      ^^^|^^
    :         `-- 'RefRow' is declared here
 39 | type Candidate = {
    `----
  help: Consider removing this declaration.

  ! eslint(no-unused-vars): Variable 'umiMajor' is declared but never used. Unused variables should start with a '_'.
     ,-[packages/cli/src/fixture/react-strapi-ingest.ts:967:9]
 966 |         const webpackMajor = selectedPackage.webpackMajor;
 967 |         const umiMajor = selectedPackage.umiMajor ?? null;
     :               ^^^^|^^^
     :                   `-- 'umiMajor' is declared here
 968 |         const craMajor = selectedPackage.craMajor ?? null;
     `----
  help: Consider removing this declaration.

  ! eslint(no-unused-vars): Variable 't643StartPath' is declared but never used. Unused variables should start with a '_'.
    ,-[packages/cli/src/fixture/angular-realworld-production-parity-run.ts:29:7]
 28 | const t643AttemptDirectory = path.join(output, 'attempts');
 29 | const t643StartPath = path.join(t643AttemptDirectory, 't643-start.json');
    :       ^^^^^^|^^^^^^
    :             `-- 't643StartPath' is declared here
 30 | const t643ReceiptPath = path.join(t643AttemptDirectory, 't643-receipt.json');
    `----
  help: Consider removing this declaration.

  ! eslint(no-unused-vars): Type alias 'RefRow' is declared but never used.
    ,-[packages/cli/src/fixture/react-appsmith-ingest.ts:38:6]
 37 | 
 38 | type RefRow = { ref: string; object: { type: 'commit' | 'tag'; sha: string } };
    :      ^^^|^^
    :         `-- 'RefRow' is declared here
 39 | type Candidate = {
    `----
  help: Consider removing this declaration.

  ! eslint(no-unused-vars): Variable 'umiMajor' is declared but never used. Unused variables should start with a '_'.
      ,-[packages/cli/src/fixture/react-appsmith-ingest.ts:1011:9]
 1010 |         const webpackMajor = selectedPackage.webpackMajor;
 1011 |         const umiMajor = selectedPackage.umiMajor ?? null;
      :               ^^^^|^^^
      :                   `-- 'umiMajor' is declared here
 1012 |         const craMajor = selectedPackage.craMajor ?? null;
      `----
  help: Consider removing this declaration.

  ! eslint(no-unused-vars): Identifier 'rm' is imported but never used.
   ,-[packages/cli/src/fixture/react-sqlpad-v5-5-0-ingest.ts:2:52]
 1 | import { createHash } from 'node:crypto';
 2 | import { access, mkdir, readFile, readdir, rename, rm, writeFile } from 'node:fs/promises';
   :                                                    ^|
   :                                                     `-- 'rm' is imported here
 3 | import { request } from 'node:https';
   `----
  help: Consider removing this import.

  ! eslint(no-unused-vars): Variable 'umiMajor' is declared but never used. Unused variables should start with a '_'.
     ,-[packages/cli/src/fixture/react-kafka-ui-v0-3-3-ingest.ts:774:9]
 773 |         const webpackMajor = selectedPackage.webpackMajor;
 774 |         const umiMajor = selectedPackage.umiMajor ?? null;
     :               ^^^^|^^^
     :                   `-- 'umiMajor' is declared here
 775 |         const craMajor = selectedPackage.craMajor ?? null;
     `----
  help: Consider removing this declaration.

Found 30 warnings and 0 errors.
Finished in 106ms on 630 files with 93 rules using 18 threads.

npm warn Unknown project config "store-dir". This will stop working in the next major version of npm. See `npm help npmrc` for supported config options.
npm warn Unknown project config "virtual-store-dir". This will stop working in the next major version of npm. See `npm help npmrc` for supported config options.
npm warn Unknown project config "state-dir". This will stop working in the next major version of npm. See `npm help npmrc` for supported config options.
npm notice run versionless-workspace@0.0.0 lint
npm notice run vp lint

--- npm test (exit 0) ---
 RUN  /Users/jacksm5pro/dev/open-source/versionless

{"preflight":"pass"}

 Test Files  257 passed (257)
      Tests  2654 passed | 2 skipped (2656)
   Start at  16:00:24
   Duration  157.87s (transform 17.07s, setup 0ms, import 70.01s, tests 290.78s, environment 18ms)


npm warn Unknown project config "store-dir". This will stop working in the next major version of npm. See `npm help npmrc` for supported config options.
npm warn Unknown project config "virtual-store-dir". This will stop working in the next major version of npm. See `npm help npmrc` for supported config options.
npm warn Unknown project config "state-dir". This will stop working in the next major version of npm. See `npm help npmrc` for supported config options.
npm warn Unknown project config "store-dir". This will stop working in the next major version of npm. See `npm help npmrc` for supported config options.
npm warn Unknown project config "virtual-store-dir". This will stop working in the next major version of npm. See `npm help npmrc` for supported config options.
npm warn Unknown project config "state-dir". This will stop working in the next major version of npm. See `npm help npmrc` for supported config options.
npm notice run versionless-workspace@0.0.0 test
npm notice run vp test --project node

--- npm run trust:verify -- --offline (exit 0) ---
{"valid":true,"digest":"9227423d581772b09c9290a732714b655e3786fe4f4d2f11590a3ec3fd675b08","deterministicCore":"e5fcc51453e6b579e3658971a47d66859bbfd9fd40c15226a97049ab03ef5282","artifacts":12}

npm warn Unknown project config "store-dir". This will stop working in the next major version of npm. See `npm help npmrc` for supported config options.
npm warn Unknown project config "virtual-store-dir". This will stop working in the next major version of npm. See `npm help npmrc` for supported config options.
npm warn Unknown project config "state-dir". This will stop working in the next major version of npm. See `npm help npmrc` for supported config options.
npm notice run versionless-workspace@0.0.0 trust:verify
npm notice run node --experimental-strip-types packages/cli/src/cli.ts trust:verify --offline

--- npm run receipt:verify (exit 0) ---
{"valid":true,"digest":"52400147929220935a9ebe47a16c8dff50b5c28e9d51c930d000c99c2bdc8a21","artifacts":10}

npm warn Unknown project config "store-dir". This will stop working in the next major version of npm. See `npm help npmrc` for supported config options.
npm warn Unknown project config "virtual-store-dir". This will stop working in the next major version of npm. See `npm help npmrc` for supported config options.
npm warn Unknown project config "state-dir". This will stop working in the next major version of npm. See `npm help npmrc` for supported config options.
npm notice run versionless-workspace@0.0.0 receipt:verify
npm notice run node --experimental-strip-types packages/cli/src/cli.ts receipt:verify

--- node --experimental-strip-types packages/cli/src/cli.ts report:enterprise --offline --verify-only (exit 0) ---
{"result":"pass","mode":"verified","trustDigest":"9227423d581772b09c9290a732714b655e3786fe4f4d2f11590a3ec3fd675b08","machineArtifact":"evidence/trust/current/enterprise-report.json","humanDocument":"evidence/trust/current/enterprise-report.md","machineArtifactSha256":"828709f240d9c1b9f6b6802f7dbf05765dac1a0e09844fd7ab6af11ff689183d","humanDocumentSha256":"a6d4af71e8a2c907f1400e5585b6f69069cb9657ca15ea3e74e9cb875cbdc6c6","certification":"not-certified"}


--- node --experimental-strip-types packages/cli/src/cli.ts report:coverage --offline --verify-only (exit 0) ---
{"result":"pass","mode":"verified","trustDigest":"9227423d581772b09c9290a732714b655e3786fe4f4d2f11590a3ec3fd675b08","machineArtifact":"evidence/trust/current/coverage-report.json","humanDocument":"evidence/trust/current/coverage-report.md","machineArtifactSha256":"1b4eb5b4531039d4414a690fc34b6a2bba5eea6064f53f92c4793390253160f9","humanDocumentSha256":"003dd485c7c548548d2daeca6d6de66da596e424ad786794338b73c6fb3a0497","coverageDigest":"19e78c68ca5c98c01934d5e495749cb51672b6f75cb640688e1a31ff97b277c2","certification":"not-certified"}


--- node --experimental-strip-types packages/cli/src/cli.ts supported-matrix --offline (exit 0) ---
Versionless derived support matrix
source: evidence/trust/current/enterprise-report.json (trust package digest 9227423d581772b09c9290a732714b655e3786fe4f4d2f11590a3ec3fd675b08)
certification: not-certified
  assurance: This package is evidence, not certification, legal assurance, PCI compliance, or SOC 2 attestation.
  integrity: hash-only; authenticity is not established
  slsaLevel: not-claimed

derivation: Every green cell below is filtered out of the Judge counting ledger the corpus derived and cross-checked against that corpus numerator and denominator. No cell is listed by hand, and a cell edited into this record fails re-derivation.

angular: 4 counted of 4 proven cells
  - angular-factoriolab — angular-factoriolab
    acceptance: Judge-accepted: Angular CLI 10.1 to 16.2 browser-builder across six majors with application source really rewritten, proven in the browser with byte-identical mutation restoration.
    witness receipt: evidence/runs/witness-angular-factoriolab/receipt.json
    vertical angular-factoriolab: runtime node-12.14.1-to-node-16.20.2, bundler angular-cli-10.1-browser-builder-to-angular-16.2-browser-builder, migration production-readiness-direct-witness-angular10-to-angular16-browser-builder, browser proof verified-direct-witness, behavior digest 77d9bf5fe4d72a7db2ca5dc760fd1ce3bd13a936b765b85bfa6cb0621022ae42
  - angular-jira-clone — angular-jira-clone
    acceptance: Judge-accepted: Angular CLI 13.2 custom-webpack to 16.2 browser-builder, absorbing a non-default builder and rewriting application source, proven in the browser on a second independent Angular application.
    witness receipt: evidence/runs/witness-angular-jira-clone/receipt.json
    vertical angular-jira-clone: runtime node-16.20.2, bundler angular-cli-13.2-custom-webpack-browser-builder-to-angular-16.2-browser-builder, migration production-readiness-direct-witness-angular13-to-angular16-browser-builder, browser proof verified-direct-witness, behavior digest 18e281d93e0f50a632ed0a4c9bc613e9b5601ca0a5ec68a36c578e6ed6620308
  - angular-tiny-translator-v0-12-0 — angular-tiny-translator
    acceptance: Judge-accepted (T016 re-freeze audit): an eleven-major Angular CLI 1.5.4 to 16.2 browser-builder lift with application source really rewritten, proven in the browser with byte-identical mutation restoration. Its era-defect service-worker registration stays recorded rather than masked and does not disqualify the migration from the Angular numerator; the receipt keeps its own per-vertical scoreboard recorded rather than masked.
    witness receipt: evidence/runs/witness-angular-tiny-translator-v0-12-0/receipt.json
    vertical angular-tiny-translator-v0-12-0: runtime node-8.9.3-to-node-16.20.2, bundler angular-cli-1.5.4-webpack-3.8.1-to-angular-16.2-browser-builder, migration production-readiness-direct-witness-angular5-to-angular16-browser-builder, browser proof verified-direct-witness, behavior digest 890ddd697619de1273c1bddf5cb504d7cad9eeb54c4503d8a458f3c72bd6405f
  - angular-super-productivity-v2-13-15 — angular-super-productivity
    acceptance: Judge-accepted (T016 re-freeze audit): an eight-major Angular CLI 8.3.4 to 16.2 browser-builder lift with application source really rewritten, proven in the browser. Its declared cross-lane appearance differences and unseeded Sass random() build instability across the supersede boundary stay recorded rather than masked and do not disqualify the migration from the Angular numerator; the receipt keeps its own per-vertical scoreboard recorded rather than masked.
    witness receipt: evidence/runs/witness-angular-super-productivity-v2-13-15/receipt.json
    vertical angular-super-productivity-v2-13-15: runtime node-12.14.1-to-node-16.20.2, bundler angular-cli-8.3.4-webpack-4-to-angular-16.2-browser-builder, migration production-readiness-direct-witness-angular8-viewengine-to-angular16-browser-builder, browser proof verified-direct-witness, behavior digest d90ec2ca7e8ea609845518300d0b1e7d9f4908100bdabcc15b44879931dd380a

react: 6 counted of 6 proven cells
  - react-boilerplate — react-boilerplate
    acceptance: Judge-accepted: webpack 4.30.0 to Vite 8.0.16 across Node 16 to Node 24 with a direct-Witness browser proof, byte-identical mutation restoration, and a current zero-service-worker policy reconciliation on the same immutable source.
    witness receipt: evidence/runs/witness-react-boilerplate/receipt.json
    vertical react-boilerplate-v4: runtime Node 16.20.2 EOL compatibility sandbox, bundler webpack 4.30.0, migration not-recorded-in-the-corpus-record, browser proof not-recorded-in-the-corpus-record, behavior digest not-recorded-in-the-corpus-record
    vertical react-boilerplate-v4-node24: runtime Node 24.15.0 darwin-arm64, bundler webpack 4.47.0, migration not-recorded-in-the-corpus-record, browser proof not-recorded-in-the-corpus-record, behavior digest not-recorded-in-the-corpus-record
    vertical react-boilerplate-v4-vite8: runtime Node 24.15.0 darwin-arm64, bundler Vite 8.0.16, migration not-recorded-in-the-corpus-record, browser proof not-recorded-in-the-corpus-record, behavior digest not-recorded-in-the-corpus-record
    vertical react-boilerplate-v4-data-flow: runtime Node 24.15.0 darwin-arm64, bundler Vite 8.0.16, migration not-recorded-in-the-corpus-record, browser proof not-recorded-in-the-corpus-record, behavior digest not-recorded-in-the-corpus-record
    vertical react-boilerplate-v4-composed: runtime Node 16.20.2 legacy / Node 24.15.0 target, bundler webpack 4.30.0 / Vite 8.0.16, migration not-recorded-in-the-corpus-record, browser proof not-recorded-in-the-corpus-record, behavior digest not-recorded-in-the-corpus-record
  - react-papercups-v1-0-0 — papercups
    acceptance: Judge-accepted: a create-react-app 3.4.1 production application really moved to a Vite 8 build, with behavioral parity and mutation restoration proven in the browser rather than inferred from the build.
    witness receipt: evidence/runs/witness-react-papercups/receipt.json
    vertical react-papercups-v1-0-0: runtime node-16.20.2-to-node-24.15.0, bundler webpack-4.42.0-to-vite-8.0.16, migration create-react-app-3.4.1-to-vite8-build, browser proof verified-direct-witness, behavior digest a2d4dbb6f844dfb8ee2d78cfc64e9981b6a91186030f345a7e6ffb9975eb9917
  - react-hospitalrun — react-hospitalrun
    acceptance: Judge-accepted: a create-react-app 3.4.4 application on Node 12 reached a booting Vite 8 build on Node 24, and its baseline/migrated service-worker difference is recorded rather than masked, so the cell is counted with its difference visible.
    witness receipt: evidence/runs/witness-react-hospitalrun/receipt.json
    vertical react-hospitalrun: runtime node-12.14.1-to-node-24.15.0, bundler webpack-4.42.0-to-vite-8.0.16, migration create-react-app-3.4.4-to-vite8-build-and-boot, browser proof verified-direct-witness, behavior digest bb87c861e83fe5cdce99ba3c2ea6ef0523a66f4c1a75d8d8be0f10411c7b6fed
  - react-memos-v0-1-3 — react-memos
    acceptance: Judge-accepted (T016 re-freeze audit): a substantive old-Vite-origin React application (Vite 2.9.5 to Vite 8) really migrated with a direct-Witness browser proof and byte-identical mutation restoration. React-lineage is measured by the charter oracle regardless of origin bundler, so it counts toward the React numerator; the receipt keeps its own per-vertical scoreboard recorded rather than masked.
    witness receipt: evidence/runs/witness-react-memos-v0-1-3/receipt.json
    vertical react-memos-v0-1-3: runtime node-16.20.2-to-node-24.15.0, bundler vite-2.9.5-to-vite-8.0.16, migration production-readiness-direct-witness-old-vite-origin-to-vite8, browser proof verified-direct-witness, behavior digest d5e08daffeb7765ba6722700587762a702fe74b5357f32fa4d069512014ad934
  - next-killedbygoogle-v3-0-0 — next-killedbygoogle-v3-0-0
    acceptance: Judge-accepted (T016 charter ruling): Next.js-on-React is React-lineage per the charter completion target ("six React-lineage applications ... at least one legacy Next.js app"), so this legacy-Next v3.0.0 vertical is the legacy-Next member of the six and counts toward the React numerator. It carries the informational legacy-next sub-tag; its baseline/migrated document-delivery difference stays recorded rather than masked, and the retired olderNext separate numerator folds into React here.
    witness receipt: evidence/runs/witness-next-killedbygoogle-v3-0-0/receipt.json
    vertical next-killedbygoogle-v3-0-0: runtime node-16.20.2, bundler next-12.0.10-vendored-webpack-5-to-vite-8.0.16-rolldown, migration production-readiness-direct-witness-next12-static-export-to-vite8-client-build, browser proof verified-direct-witness, behavior digest 240554452bac31af556f6888c0fdb3a5523ff6cc6e839a5a345d64d8204a480f
  - react-linkfree-v0-72-0 — react-linkfree
    acceptance: Judge-accepted (T016 re-freeze audit): a create-react-app 5 application really migrated to a Vite 8 build with a direct-Witness browser proof and byte-identical mutation restoration. Its synthetic profile corpus is the recorded boundary of the claim, published rather than hidden, and does not disqualify the migration from the React numerator; the receipt keeps its own per-vertical scoreboard recorded rather than masked.
    witness receipt: evidence/runs/witness-react-linkfree-v0-72-0/receipt.json
    vertical react-linkfree-v0-72-0: runtime node-16.20.2-to-node-24.15.0, bundler webpack-5.73.0-to-vite-8.0.16, migration production-readiness-direct-witness-create-react-app-5-to-vite8, browser proof verified-direct-witness, behavior digest 09432cbf2578c35c1d04e74219e8411c075505943914fbe91b197c2da46929a1

demoted cells
  - angular-realworld-v15-to-v16 (angular): Judge-declined and demoted from the denominator: the migration changed applicationFilesChanged=0 application files, so it is an Angular 15-to-16 dependency version bump rebuilt under AOT rather than a proven application migration. Its browser-proof receipt stays verified and retained; it is excluded from the Angular denominator rather than counted, which is why the Angular total is four non-demoted cells and not five.

holdouts
  - holdout-react-cypress-rwa — cypress-realworld-app (react)
    outcome: passed
    counting: This holdout passed, and it is still counted in no lineage numerator: a passing holdout shows the frozen adapter carrying one further application, not a migrated-application product count. It is published rather than folded into any numerator.
    reason: This is a holdout, not a certification: it shows the frozen adapter carrying one further application end to end, not generic support.
    receipt: evidence/runs/holdout-react-cypress-rwa/green-2026-08-13/receipt.json (76f0b5bd0d8a3fa0596d3c5d190c764ee7402f4e5c27870d36bdb3fa5f04a73e)
  - holdout-angular-eshop-webspa — eShopOnContainers WebSPA (angular)
    outcome: witness-passed-on-bounded-anonymous-catalog-surface
    counting: Never counted in any lineage numerator by this record. The migrated production build is green and repeatable, and the Witness is green on the anonymous catalog surface — twice per lane, one parity digest, with a mutation-red and byte-restore proof under it. What that leaves unproven is stated beside it: every surface outside the anonymous catalog: identity is out of surface and basket, orders and campaigns are out of surface behind it, the SignalR hub was never reached, and text entry and drag were not tested — those surfaces are unproven rather than proven absent. Whether a holdout proven on a bounded surface should ever reach a numerator is the Judge's decision, taken on the Judge's ledger and not here. The install RED under the frozen f1a63359 composite is retained beside all of it as the record of what the frozen adapter did.
    reason: every surface outside the anonymous catalog: identity is out of surface and basket, orders and campaigns are out of surface behind it, the SignalR hub was never reached, and text entry and drag were not tested — those surfaces are unproven rather than proven absent
    proven surface: anonymous-catalog
    not covered: identity — out-of-surface
    not covered: basket — out-of-surface
    not covered: orders — out-of-surface
    not covered: campaigns — out-of-surface
    not covered: signalr — not-reached
    not covered: text-entry — not-tested
    not covered: drag — not-tested
    receipt: evidence/runs/holdout-angular-eshop-webspa/receipt.json (fb921b46925f03947781629dce85b03fb51ad3a0969197098181d10486563fb9)

permanent falsification history
  - holdout-angular-pigallery2 — pigallery2, lane migrated, state red, frozen adapter 4df7bc961033fc5856b4d58e0bca9f11ad2aa9d43aaaee726956f34d209b37e7, receipt evidence/runs/holdout-angular-pigallery2/receipt.json (39a133ff97c37622a4a1821f20e7c442c9bc22ed7597a3e73cbd31323ab2bb10)
  - holdout-angular-eshop-webspa — eShopOnContainers WebSPA, lane migrated-at-install-under-frozen-composite, state red, frozen adapter f1a63359210b87c04408b27cf8c40e88e1b47d44bcc7f5a9be20d9478dc71012, receipt evidence/runs/holdout-angular-eshop-webspa/receipt.json (fb921b46925f03947781629dce85b03fb51ad3a0969197098181d10486563fb9)
  - holdout-react-cypress-rwa — cypress-realworld-app, lane migrated, state red, frozen adapter d9f75ef677cb850f664cc188abf77b8ebfd24e84cb58d147b74e9bbaa143eb77, receipt evidence/runs/holdout-react-cypress-rwa/receipt.json (7ec6f18b27d2967cd533ba89505e8a76590c1866aec8bd7a8d8543cd87743aae)

declared boundaries
  amendment.amends: angular-16-pre-ivy-only-dependency
  amendment.appendOnly: true
  amendment.declaredBy: lrapr-t022 boundary ruling, follow-up ruling (Judge, 2026-08-14) after the gate-zero screen
  amendment.immutabilityNote: Appended beside the declaration, never merged into it. The pigallery2 receipt that established the boundary is unchanged, its digest is unchanged, and the boundary condition, mechanism, certification language and non-claims are unchanged. This record only adds reading rules, prevalence and the population statement.
  amendment.populationStatement: Any application clearing this gate is, by construction, drawn from a narrower and younger-dependency population than the webpack-era enterprise fleet this goal targets: its entire third-party Angular surface must still be maintained or have a published successor. A GREEN holdout therefore speaks for the supported cell only, and is not evidence about the fleet shape the 5-of-6 prevalence describes.
  amendment.prevalence.applicationsExamined: 6
  amendment.prevalence.applicationsObservedWithTheCondition: 5
  amendment.prevalence.distinctCondition.application: eShopOnContainers
  amendment.prevalence.distinctCondition.condition: first-party-successor removal
  amendment.prevalence.distinctCondition.count: 1
  amendment.prevalence.distinctCondition.countedInPrevalence: false
  amendment.prevalence.distinctCondition.why: The failing dependency, @angular/http, was removed from the framework with a first-party successor named in its registry deprecation metadata, whose bytes are Ivy at the target cell. That is not a dead third-party library with no successor to align to, so it is a different — and narrower — condition than the boundary describes.
  amendment.prevalence.distinctionRationale: A tested failure and a screened failure are different strengths of evidence and are never merged into one number: the tested one measured a build, the screened ones read published metadata. Collapsing them, or counting the distinct sixth condition, would overstate what was measured.
  amendment.prevalence.published: 5-of-6
  amendment.prevalence.screened.applications[0]: cyclos4-ui
  amendment.prevalence.screened.applications[1]: ngx-starter-kit
  amendment.prevalence.screened.applications[2]: tabby
  amendment.prevalence.screened.applications[3]: coreui-free-angular-admin-template
  amendment.prevalence.screened.count: 4
  amendment.prevalence.screened.evidence: docs/goals/legacy-react-angular-production-readiness/notes/t023-candidate-selection.md
  amendment.prevalence.screened.method: boundary-only gate-zero screen from pinned manifests, npm registry documents and published bytes, with the import site found in the pinned source; never installed, built, migrated or trialled
  amendment.prevalence.screened.strength: screened-and-failed
  amendment.prevalence.sourceRecord: docs/goals/legacy-react-angular-production-readiness/notes/t023-candidate-selection.md
  amendment.prevalence.statement: The no-successor pre-Ivy condition was observed in 5 of 6 independently selected webpack-era Angular applications: 1 tested-and-failed and 4 screened-and-failed. The sixth, eShopOnContainers, carries a first-party-successor removal, which is a distinct condition and is not counted in the 5.
  amendment.prevalence.tested.applications[0]: pigallery2
  amendment.prevalence.tested.count: 1
  amendment.prevalence.tested.evidence: evidence/runs/holdout-angular-pigallery2/receipt.json
  amendment.prevalence.tested.method: ingested at a pin, baseline lane run green in the era toolchain, migrated lane run to a RED with no artifact ever produced
  amendment.prevalence.tested.strength: tested-and-failed
  amendment.publishedBy: lrapr-t023/u3-boundary-amend-candidate3-acquire
  amendment.readingRules[0].evidenceRequired[0]: registry deprecation metadata on the dependency that names the successor package
  amendment.readingRules[0].evidenceRequired[1]: the named successor's published Ivy bytes at the target cell
  amendment.readingRules[0].id: successor-across-names
  amendment.readingRules[0].instance.capturedBy: lrapr-t023/u3-boundary-amend-candidate3-acquire
  amendment.readingRules[0].instance.consentId: VL-LEGACY-CORPUS-2026-08-10
  amendment.readingRules[0].instance.deprecationMessage: Package no longer supported. Use @angular/common instead, see https://angular.io/guide/deprecations#angularhttp
  amendment.readingRules[0].instance.distTags.latest: 7.2.16
  amendment.readingRules[0].instance.distTags.next: 8.0.0-beta.10
  amendment.readingRules[0].instance.distTags.v4-lts: 4.4.7
  amendment.readingRules[0].instance.distTags.v5-lts: 5.2.11
  amendment.readingRules[0].instance.distinctDeprecationMessages: 1
  amendment.readingRules[0].instance.nameDifference: The registry string names the package `@angular/common`; the successor API surface inside it is the `@angular/common/http` entry point. The ruling paraphrased the entry point, the registry names the package, and both point at the same first-party successor.
  amendment.readingRules[0].instance.newestPublishedVersion: 7.2.16
  amendment.readingRules[0].instance.package: @angular/http
  amendment.readingRules[0].instance.packumentModified: 2022-06-12T14:41:58.643Z
  amendment.readingRules[0].instance.sources[0].accept: application/json
  amendment.readingRules[0].instance.sources[0].bytes: 3086
  amendment.readingRules[0].instance.sources[0].sha256: f3eeae03e225e29b6a877313eaedac08ac8eb37d964118ce88697039061faadf
  amendment.readingRules[0].instance.sources[0].status: 200
  amendment.readingRules[0].instance.sources[0].url: https://registry.npmjs.org/@angular/http/7.2.16
  amendment.readingRules[0].instance.sources[1].accept: application/vnd.npm.install-v1+json
  amendment.readingRules[0].instance.sources[1].bytes: 253997
  amendment.readingRules[0].instance.sources[1].sha256: fd36610eb553adacaa5110f5ebcb269533d3a1cc3e02eda9fbd4e29834d3a76c
  amendment.readingRules[0].instance.sources[1].status: 200
  amendment.readingRules[0].instance.sources[1].url: https://registry.npmjs.org/@angular/http
  amendment.readingRules[0].instance.successorEntryPoint: @angular/common/http
  amendment.readingRules[0].instance.successorPackageNamed: @angular/common
  amendment.readingRules[0].instance.versionsCarryingThisDeprecation: 122
  amendment.readingRules[0].instance.versionsPublished: 252
  amendment.readingRules[0].kind: ecosystem-availability-fact
  amendment.readingRules[0].neverAnAdapterCapabilityFact: The rule reads published registry metadata and published bytes only. It says nothing about whether the frozen adapter carries the corresponding migration; that is what a holdout run measures, and a RED there is valid falsification rather than a boundary.
  amendment.readingRules[0].precedent: Successor readings across package names are the boundary mechanism the record already used: the G3 ngx-toastr successor-line table read a successor line rather than a same-name version bump.
  amendment.readingRules[0].rule: A successor reading counts across package names: a dependency has a published Ivy successor when registry deprecation metadata names the successor and that named successor ships published Ivy bytes, even where the successor carries a different package name than the dependency it replaces.
  amendment.readingRules[1].evidenceRequired[0]: the pinned compilation graph, rooted at the application entry point
  amendment.readingRules[1].evidenceRequired[1]: the absence of any import site for the dependency in that graph
  amendment.readingRules[1].id: declared-but-never-imported-is-not-active-use
  amendment.readingRules[1].instance.application: eShopOnContainers
  amendment.readingRules[1].instance.declaredVersion: 6.0.0-beta.5
  amendment.readingRules[1].instance.evidence: The WebSPA compilation graph is 60 TypeScript files rooted at Client/main.ts; main.ts, app.module.ts and shared.module.ts carry no preboot import, and the tree has no server-side-rendering entry (main.server.ts / app.server.module.ts are absent), which is the only thing preboot exists for.
  amendment.readingRules[1].instance.package: preboot
  amendment.readingRules[1].instance.verdict: declared but never imported — not active use, so it does not fail the boundary
  amendment.readingRules[1].kind: ecosystem-availability-fact
  amendment.readingRules[1].neverAnAdapterCapabilityFact: The rule is settled by reading the pinned source for import sites, never by asking what a migration would have to do with the dependency.
  amendment.readingRules[1].rule: A dependency that a manifest declares but the application never imports is not in active application use, and therefore cannot fail the boundary. Active use means an import site in the pinned application source on the build path.
  amendment.schemaVersion: versionless.angular-pre-ivy-boundary-amendment.v1
  cell: angular-16-browser-builder
  certification: not-certified: this cell is declared unsupported, not tested-and-failed-once
  condition: pre-Ivy-only dependencies (no published Ivy successor) in active application use => unsupported at the Angular 16 target cell
  declaredBy: lrapr-t022 boundary ruling (Judge, 2026-08-14)
  id: angular-16-pre-ivy-only-dependency
  instanceEvidence.application: pigallery2
  instanceEvidence.digest: 39a133ff97c37622a4a1821f20e7c442c9bc22ed7597a3e73cbd31323ab2bb10
  instanceEvidence.importSites: 6
  instanceEvidence.libraries: 3
  instanceEvidence.receipt: evidence/runs/holdout-angular-pigallery2/receipt.json
  instanceEvidence.wall[0].importSites[0]: frontend/app/app.module.ts:14
  instanceEvidence.wall[0].importSites[1]: frontend/app/ui/gallery/map/map.gallery.component.ts:7
  instanceEvidence.wall[0].importSites[2]: frontend/app/ui/gallery/map/lightbox/lightbox.map.gallery.component.ts:16
  instanceEvidence.wall[0].lastPublishedVersion: 1.1.0
  instanceEvidence.wall[0].library: @yaga/leaflet-ng2
  instanceEvidence.wall[1].importSites[0]: frontend/app/app.module.ts:31
  instanceEvidence.wall[1].importSites[1]: frontend/app/model/network/network.service.ts:4
  instanceEvidence.wall[1].lastPublishedVersion: 4.0.0
  instanceEvidence.wall[1].library: ng2-slim-loading-bar
  instanceEvidence.wall[2].importSites[0]: frontend/app/app.module.ts:41
  instanceEvidence.wall[2].lastPublishedVersion: 2.0.5
  instanceEvidence.wall[2].library: jw-bootstrap-switch-ng2
  lineage: angular
  mechanism: Angular 16 removed ngcc, so ViewEngine bytes cannot be consumed at this cell, and a library whose last published version is pre-Ivy has no successor to align to. Carrying such an application would require editing its source at the import sites, which is an application change rather than a migration the engine can perform.
  nonclaims[0]: No claim that every application carrying a pre-Ivy-only dependency is unmigratable in general: the boundary is declared at the Angular 16 target cell, which is the only Angular cell this engine has.
  nonclaims[1]: No claim that this boundary is unreachable: an ngcc-bearing multi-hop cell (Angular 12 or 13) would consume those bytes. It is a declared tranche-two commitment, not a silent deferral, and it invalidates every Angular 16 cell reading in this record, so it is not taken here.
  nonclaims[2]: No claim that the boundary excuses the pigallery2 RED. The RED is permanent falsification evidence and is published unchanged alongside this declaration.
  publishedBy: lrapr-t023/u1-boundary-publish-refreeze
  state: unsupported

boundary prevalence
  published: 5-of-6
  The no-successor pre-Ivy condition was observed in 5 of 6 independently selected webpack-era Angular applications: 1 tested-and-failed and 4 screened-and-failed. The sixth, eShopOnContainers, carries a first-party-successor removal, which is a distinct condition and is not counted in the 5.
  Any application clearing this gate is, by construction, drawn from a narrower and younger-dependency population than the webpack-era enterprise fleet this goal targets: its entire third-party Angular surface must still be maintained or have a published successor. A GREEN holdout therefore speaks for the supported cell only, and is not evidence about the fleet shape the 5-of-6 prevalence describes.

out of matrix: 50 experimental and 8 cross-proven of 58 capabilities
  A capability is claimed general, and therefore in the matrix, only once at least 2 independent applications prove it. The capabilities below are proven on fewer than that and are out of the matrix; they are named rather than silently claimed.

tranche two: No claim that this boundary is unreachable: an ngcc-bearing multi-hop cell (Angular 12 or 13) would consume those bytes. It is a declared tranche-two commitment, not a silent deferral, and it invalidates every Angular 16 cell reading in this record, so it is not taken here.


--- node -e "const f=require('./evidence/trust/current/adapter-freeze.json');if(!String(f.freeze.composite).startsWith('27741d9c'))throw new Error('freeze composite moved: '+f.freeze.composite);console.log('FREEZE-COMPOSITE-STABLE')" (exit 0) ---
FREEZE-COMPOSITE-STABLE


--- node -e "const c=require('./evidence/trust/current/corpus-conformance.json');const s=c.summary;if(typeof s.sourceApplications!=='number'||typeof s.verticals!=='number')throw new Error('summary not numeric');console.log('CONFORMANCE-SUMMARY sourceApplications='+s.sourceApplications+' verticals='+s.verticals)" (exit 0) ---
CONFORMANCE-SUMMARY sourceApplications=12 verticals=20


--- git diff --quiet HEAD -- packages/frameworks/react packages/frameworks/angular packages/core/src/migrations packages/core/src/bundlers packages/core/src/analysis && echo FREEZE-INTACT (exit 0) ---
FREEZE-INTACT


