--- pnpm exec tsc --noEmit (exit 0) ---


--- pnpm exec vp lint (exit 0) ---

  ! eslint(no-unused-vars): Type alias 'RefRow' is declared but never used.
    ,-[packages/cli/src/fixture/react-strapi-ingest.ts:38:6]
 37 | 
 38 | type RefRow = { ref: string; object: { type: 'commit' | 'tag'; sha: string } };
    :      ^^^|^^
    :         `-- 'RefRow' is declared here
 39 | type Candidate = {
    `----
  help: Consider removing this declaration.

  ! eslint(no-unused-vars): Variable 'umiMajor' is declared but never used. Unused variables should start with a '_'.
     ,-[packages/cli/src/fixture/react-strapi-ingest.ts:967:9]
 966 |         const webpackMajor = selectedPackage.webpackMajor;
 967 |         const umiMajor = selectedPackage.umiMajor ?? null;
     :               ^^^^|^^^
     :                   `-- 'umiMajor' is declared here
 968 |         const craMajor = selectedPackage.craMajor ?? null;
     `----
  help: Consider removing this declaration.

  ! eslint(no-unused-vars): Identifier 'cp' is imported but never used.
   ,-[packages/cli/src/fixture/angular-realworld-v15-ingest.ts:5:2]
 4 |     access,
 5 |     cp,
   :     ^|
   :      `-- 'cp' is imported here
 6 |     mkdir,
   `----
  help: Consider removing this import.

  ! eslint(no-unsafe-optional-chaining): Unsafe usage of optional chaining
     ,-[packages/core/test/corpus-conformance.test.ts:899:11]
 898 |         expect(earlier).toBeDefined();
 899 |         expect((earlier?.source as Record<string, unknown>).revision).toBe(
     :                 ^^^^^^^^^^^^^^^
 900 |             verified.receipt.source.revision,
     `----
  help: If this short-circuits with 'undefined' the evaluation will throw TypeError

  ! eslint(no-unsafe-optional-chaining): Unsafe usage of optional chaining
     ,-[packages/core/test/corpus-conformance.test.ts:962:5]
 961 |         expect(verified.receipt.source.revision).toBe(
 962 |             (killedbygoogle?.source as Record<string, unknown>).revision,
     :              ^^^^^^^^^^^^^^^^^^^^^^
 963 |         );
     `----
  help: If this short-circuits with 'undefined' the evaluation will throw TypeError

  ! eslint(no-unsafe-optional-chaining): Unsafe usage of optional chaining
     ,-[packages/core/test/corpus-conformance.test.ts:965:5]
 964 |         expect(verified.receipt.source.archiveSha256).toBe(
 965 |             (killedbygoogle?.source as Record<string, unknown>).archiveSha256,
     :              ^^^^^^^^^^^^^^^^^^^^^^
 966 |         );
     `----
  help: If this short-circuits with 'undefined' the evaluation will throw TypeError

  ! eslint(no-unused-vars): Identifier 'WITNESS_REACT_CYPRESS_RWA_PLACEHOLDERS' is imported but never used.
   ,-[packages/core/src/receipts/holdout-react-cypress-rwa-witness.ts:6:2]
 5 |     summarizeWitnessReactCypressRwaTwoLaneParity,
 6 |     WITNESS_REACT_CYPRESS_RWA_PLACEHOLDERS,
   :     ^^^^^^^^^^^^^^^^^^^|^^^^^^^^^^^^^^^^^^
   :                        `-- 'WITNESS_REACT_CYPRESS_RWA_PLACEHOLDERS' is imported here
 7 |     WITNESS_REACT_CYPRESS_RWA_ROUTES,
   `----
  help: Consider removing this import.

  ! eslint(no-unused-vars): Variable 'umiMajor' is declared but never used. Unused variables should start with a '_'.
     ,-[packages/cli/src/fixture/react-kafka-ui-v0-3-3-ingest.ts:774:9]
 773 |         const webpackMajor = selectedPackage.webpackMajor;
 774 |         const umiMajor = selectedPackage.umiMajor ?? null;
     :               ^^^^|^^^
     :                   `-- 'umiMajor' is declared here
 775 |         const craMajor = selectedPackage.craMajor ?? null;
     `----
  help: Consider removing this declaration.

  ! eslint(no-unused-vars): Identifier 'TRUST_SCHEMA' is imported but never used.
    ,-[packages/trust/src/enterprise.ts:25:30]
 24 | } from '../../core/src/receipts/holdout-react-cypress-rwa-witness.ts';
 25 | import { asRecord, asString, TRUST_SCHEMA, type TrustManifest } from './schema.ts';
    :                              ^^^^^^|^^^^^
    :                                    `-- 'TRUST_SCHEMA' is imported here
 26 | 
    `----
  help: Consider removing this import.

  ! eslint(no-unused-vars): Identifier 'WITNESS_NEXT_KILLED_BY_GOOGLE_TRACKED_EVENTS' is imported but never used.
    ,-[packages/core/test/witness-next-killedbygoogle-receipt.test.ts:13:2]
 12 |     WITNESS_NEXT_KILLED_BY_GOOGLE_SCHEMA,
 13 |     WITNESS_NEXT_KILLED_BY_GOOGLE_TRACKED_EVENTS,
    :     ^^^^^^^^^^^^^^^^^^^^^^|^^^^^^^^^^^^^^^^^^^^^
    :                           `-- 'WITNESS_NEXT_KILLED_BY_GOOGLE_TRACKED_EVENTS' is imported here
 14 |     witnessNextKilledByGoogleBehaviorDigest,
    `----
  help: Consider removing this import.

  ! eslint(no-extra-boolean-cast): Redundant Boolean call
     ,-[packages/cli/src/fixture/vite8-shared-adapter-cohort-run.ts:148:8]
 147 |                 violations.push('url-not-canonical');
 148 |             if (Boolean(parseURL(candidate.url).host)) violations.push('url-remote');
     :                 ^^^^^^^^^^^^^^^^^^^^^^^^^^^^^^^^^^^^^
 149 |         }
     `----
  help: Remove the Boolean call as it will already be coerced to a boolean

  ! eslint-plugin-unicorn(no-useless-spread): Using a spread operator here creates a new array unnecessarily.
     ,-[packages/cli/src/fixture/vite8-shared-adapter-cohort-run.ts:208:13]
 207 |         actualValidation,
 208 |         missing: [...expected.filter((entry) => !actualByPath.has(entry.path))].sort(
     :                   ^^^
 209 |             (left, right) => compareUtf16CodeUnits(left.path, right.path),
     `----
  help: `expected.filter` returns a new array. Spreading it into an array expression to create a new array is redundant.

  ! eslint-plugin-unicorn(no-useless-spread): Using a spread operator here creates a new array unnecessarily.
     ,-[packages/cli/src/fixture/vite8-shared-adapter-cohort-run.ts:211:16]
 210 |         ),
 211 |         unexpected: [...actual.filter((entry) => !expectedByPath.has(entry.path))].sort(
     :                      ^^^
 212 |             (left, right) => compareUtf16CodeUnits(left.path, right.path),
     `----
  help: `actual.filter` returns a new array. Spreading it into an array expression to create a new array is redundant.

  ! eslint(no-unused-vars): Identifier 'withQuery' is imported but never used.
    ,-[packages/cli/src/fixture/react-verdaccio-ingest.ts:16:29]
 15 | import { basename, dirname, join, relative, resolve } from 'pathe';
 16 | import { joinURL, parseURL, withQuery } from 'ufo';
    :                             ^^^^|^^^^
    :                                 `-- 'withQuery' is imported here
 17 | import { canonicalize, sha256 } from '../../../core/src/receipts/canonicalize.ts';
    `----
  help: Consider removing this import.

  ! eslint(no-unused-vars): Type alias 'RefRow' is declared but never used.
    ,-[packages/cli/src/fixture/react-verdaccio-ingest.ts:36:6]
 35 | 
 36 | type RefRow = { ref: string; object: { type: 'commit' | 'tag'; sha: string } };
    :      ^^^|^^
    :         `-- 'RefRow' is declared here
 37 | type Candidate = {
    `----
  help: Consider removing this declaration.

  ! eslint(no-unused-vars): Identifier 'rm' is imported but never used.
   ,-[packages/cli/src/fixture/react-sqlpad-v5-5-0-ingest.ts:2:52]
 1 | import { createHash } from 'node:crypto';
 2 | import { access, mkdir, readFile, readdir, rename, rm, writeFile } from 'node:fs/promises';
   :                                                    ^|
   :                                                     `-- 'rm' is imported here
 3 | import { request } from 'node:https';
   `----
  help: Consider removing this import.

  ! eslint(no-unused-vars): Variable 'umiMajor' is declared but never used. Unused variables should start with a '_'.
     ,-[packages/cli/src/fixture/react-unleash-ingest.ts:934:9]
 933 |         const webpackMajor = selectedPackage.webpackMajor;
 934 |         const umiMajor = selectedPackage.umiMajor ?? null;
     :               ^^^^|^^^
     :                   `-- 'umiMajor' is declared here
 935 |         const craMajor = selectedPackage.craMajor ?? null;
     `----
  help: Consider removing this declaration.

  ! eslint(no-unused-vars): Variable 'craMajor' is declared but never used. Unused variables should start with a '_'.
     ,-[packages/cli/src/fixture/react-unleash-ingest.ts:935:9]
 934 |         const umiMajor = selectedPackage.umiMajor ?? null;
 935 |         const craMajor = selectedPackage.craMajor ?? null;
     :               ^^^^|^^^
     :                   `-- 'craMajor' is declared here
 936 |         const viteMajor = selectedPackage.viteMajor ?? null;
     `----
  help: Consider removing this declaration.

  ! eslint(no-unused-vars): Variable 't643StartPath' is declared but never used. Unused variables should start with a '_'.
    ,-[packages/cli/src/fixture/angular-realworld-production-parity-run.ts:29:7]
 28 | const t643AttemptDirectory = path.join(output, 'attempts');
 29 | const t643StartPath = path.join(t643AttemptDirectory, 't643-start.json');
    :       ^^^^^^|^^^^^^
    :             `-- 't643StartPath' is declared here
 30 | const t643ReceiptPath = path.join(t643AttemptDirectory, 't643-receipt.json');
    `----
  help: Consider removing this declaration.

  ! eslint(no-unused-vars): Identifier 'withQuery' is imported but never used.
    ,-[packages/cli/src/fixture/react-apisix-dashboard-ingest.ts:16:29]
 15 | import { basename, dirname, join, relative, resolve } from 'pathe';
 16 | import { joinURL, parseURL, withQuery } from 'ufo';
    :                             ^^^^|^^^^
    :                                 `-- 'withQuery' is imported here
 17 | import { canonicalize, sha256 } from '../../../core/src/receipts/canonicalize.ts';
    `----
  help: Consider removing this import.

  ! eslint(no-unused-vars): Variable 'hex40' is declared but never used. Unused variables should start with a '_'.
    ,-[packages/cli/src/fixture/react-apisix-dashboard-ingest.ts:30:7]
 29 | const cacheRoot = join(root, '.versionless/cache/react-apisix-dashboard-source-t684');
 30 | const hex40 = createRegExp(
    :       ^^|^^
    :         `-- 'hex40' is declared here
 31 |     charIn('0123456789').from('a', 'f').times(40).at.lineStart().at.lineEnd(),
    `----
  help: Consider removing this declaration.

  ! eslint(no-unused-vars): Type alias 'RefRow' is declared but never used.
    ,-[packages/cli/src/fixture/react-apisix-dashboard-ingest.ts:37:6]
 36 | 
 37 | type RefRow = { ref: string; object: { type: 'commit' | 'tag'; sha: string } };
    :      ^^^|^^
    :         `-- 'RefRow' is declared here
 38 | type Candidate = {
    `----
  help: Consider removing this declaration.

  ! eslint(no-unused-vars): Type alias 'RefRow' is declared but never used.
    ,-[packages/cli/src/fixture/react-mattermost-ingest.ts:39:6]
 38 | 
 39 | type RefRow = { ref: string; object: { type: 'commit' | 'tag'; sha: string } };
    :      ^^^|^^
    :         `-- 'RefRow' is declared here
 40 | type Candidate = {
    `----
  help: Consider removing this declaration.

  ! eslint(no-unused-vars): Variable 'umiMajor' is declared but never used. Unused variables should start with a '_'.
     ,-[packages/cli/src/fixture/react-mattermost-ingest.ts:954:9]
 953 |         const webpackMajor = selectedPackage.webpackMajor;
 954 |         const umiMajor = selectedPackage.umiMajor ?? null;
     :               ^^^^|^^^
     :                   `-- 'umiMajor' is declared here
 955 |         const craMajor = selectedPackage.craMajor ?? null;
     `----
  help: Consider removing this declaration.

  ! eslint(no-unused-vars): Identifier 'NODE_ARCHIVE_SHA256' is imported but never used.
    ,-[packages/cli/src/fixture/angular-realworld-v15-to-v16-run.ts:14:27]
 13 | } from './angular-realworld-v15-to-v16-ingest.ts';
 14 | import { CHROMIUM_SHA256, NODE_ARCHIVE_SHA256 } from './angular-realworld-v15-ingest.ts';
    :                           ^^^^^^^^^|^^^^^^^^^
    :                                    `-- 'NODE_ARCHIVE_SHA256' is imported here
 15 | 
    `----
  help: Consider removing this import.

  ! eslint(no-unused-vars): Type alias 'RefRow' is declared but never used.
    ,-[packages/cli/src/fixture/react-appsmith-ingest.ts:38:6]
 37 | 
 38 | type RefRow = { ref: string; object: { type: 'commit' | 'tag'; sha: string } };
    :      ^^^|^^
    :         `-- 'RefRow' is declared here
 39 | type Candidate = {
    `----
  help: Consider removing this declaration.

  ! eslint(no-unused-vars): Variable 'umiMajor' is declared but never used. Unused variables should start with a '_'.
      ,-[packages/cli/src/fixture/react-appsmith-ingest.ts:1011:9]
 1010 |         const webpackMajor = selectedPackage.webpackMajor;
 1011 |         const umiMajor = selectedPackage.umiMajor ?? null;
      :               ^^^^|^^^
      :                   `-- 'umiMajor' is declared here
 1012 |         const craMajor = selectedPackage.craMajor ?? null;
      `----
  help: Consider removing this declaration.

  ! eslint(no-unused-vars): Identifier 'cp' is imported but never used.
   ,-[packages/cli/src/fixture/angular-realworld-v15-to-v16-ingest.ts:5:2]
 4 |     access,
 5 |     cp,
   :     ^|
   :      `-- 'cp' is imported here
 6 |     mkdir,
   `----
  help: Consider removing this import.

  ! eslint(no-unused-vars): Variable 'KBG_FILTER' is declared but never used. Unused variables should start with a '_'.
      ,-[packages/cli/src/witness/real-app-run.ts:2103:7]
 2102 | const KBG_SEARCH_BOX = '#searchBox' as const;
 2103 | const KBG_FILTER = '#listFilter' as const;
      :       ^^^^^|^^^^
      :            `-- 'KBG_FILTER' is declared here
 2104 | const KBG_FILTER_INPUT = '#react-select-filter-select-input' as const;
      `----
  help: Consider removing this declaration.

Found 29 warnings and 0 errors.
Finished in 90ms on 590 files with 93 rules using 18 threads.


--- pnpm exec vp test --project node (exit 0) ---
 RUN  /Users/jacksm5pro/dev/open-source/versionless

{"preflight":"pass"}

 Test Files  243 passed (243)
      Tests  2476 passed (2476)
   Start at  04:58:37
   Duration  147.30s (transform 8.20s, setup 0ms, import 27.48s, tests 232.02s, environment 12ms)



--- sh -c 'test "$(git rev-parse HEAD:packages/frameworks/react)" = "972ca80155bbc2a6eb3779943cd481b71d35e803" && test "$(git rev-parse HEAD:packages/frameworks/angular)" = "4b6e2f4494d98582e4fe9b420c2b412059dc0720" && echo FREEZE-INTACT' (exit 0) ---
FREEZE-INTACT


--- VERSIONLESS_NETWORK_MODE=offline node --experimental-strip-types packages/cli/src/cli.ts trust:verify --offline (exit 0) ---
{"valid":true,"digest":"213b43e88b51d2bb998c53923b31a24d0bbf49a5af74cddd89f23bf97e1497af","deterministicCore":"656e861a54c4a06bda94e324dbee756f241b11d4a1128d48b9b8fa307b459b45","artifacts":12}


--- sh -c 'ls evidence/runs/operator-flows' (exit 0) ---
analyze-angular-pigallery2-v1-7-0.json
analyze-react-cypress-rwa.json
byte-identity.json
migrate-angular-pigallery2-v1-7-0.json
plan-angular-pigallery2-v1-7-0.json
plan-react-cypress-rwa.json
supported-matrix.json
verify.json


