--- pnpm exec vp test --project node (exit 0) ---
 RUN  /Users/jacksm5pro/dev/open-source/versionless

{"preflight":"pass"}

 Test Files  260 passed (260)
      Tests  2786 passed | 2 skipped (2788)
   Start at  06:20:49
   Duration  154.82s (transform 10.27s, setup 0ms, import 34.65s, tests 266.75s, environment 13ms)



--- node -e "const r=require('./evidence/runs/react-flame-v2-4-0/run-record.json');const b=(r.stages||[]).find(s=>(s.stage||s.name)==='build');const j=JSON.stringify(b);if(!j.includes('build-vite'))throw new Error('outDirectory moved');if(!j.includes('\"outputFiles\":24')&&!j.includes('outputFiles: 24'))throw new Error('outputFiles moved');console.log('FLAME-BUILD-ROW-STABLE')" (exit 0) ---
FLAME-BUILD-ROW-STABLE


--- node -e "const r=require('./evidence/runs/react-flame-v2-4-0/run-record.json');if(r.interventionCount!==undefined&&r.interventionCount!==0)throw new Error('count');const rows=(r.stages||[]).filter(s=>s.status==='ran');if(rows.length!==9)throw new Error('stages ran '+rows.length);console.log('FLAME-9-9-PROVEN')" (exit 0) ---
FLAME-9-9-PROVEN


--- node --experimental-strip-types packages/cli/src/cli.ts refusal-census --verify-only --json 2>/dev/null | node -e "let b='';process.stdin.on('data',d=>b+=d);process.stdin.on('end',()=>{const d=JSON.parse(b);if(!d.matchesPublished)throw new Error('census drifted');console.log('CENSUS-OK sites='+d.census.summary.sites)})" (exit 0) ---
CENSUS-OK sites=196


--- npm run trust:verify -- --offline (exit 0) ---
{"valid":true,"digest":"ff3a504c01560cdde926184879591b55045751f7d8eb55ba92b118107e850216","deterministicCore":"1837f2794e6dad8b3d1854aa14034cbb98b3c65bbaeb3fba076b4d55081cb7b0","artifacts":12}

npm warn Unknown project config "store-dir". This will stop working in the next major version of npm. See `npm help npmrc` for supported config options.
npm warn Unknown project config "virtual-store-dir". This will stop working in the next major version of npm. See `npm help npmrc` for supported config options.
npm warn Unknown project config "state-dir". This will stop working in the next major version of npm. See `npm help npmrc` for supported config options.
npm notice run versionless-workspace@0.0.0 trust:verify
npm notice run node --experimental-strip-types packages/cli/src/cli.ts trust:verify --offline

--- node -e "const r=require('./evidence/trust/current/coverage-report.json').totals;if(r.proven!==11||r.applications!==23)throw new Error(JSON.stringify(r));console.log('COVERAGE-TOTALS-UNCHANGED')" (exit 0) ---
COVERAGE-TOTALS-UNCHANGED


--- node --experimental-strip-types packages/cli/src/cli.ts supported-matrix --offline 2>&1 | grep -q "react: 6 counted of 6" && echo REACT-CELLS-UNCHANGED (exit 0) ---
REACT-CELLS-UNCHANGED


--- node -e "const f=require('./evidence/trust/current/adapter-freeze.json');if(!String(f.freeze.composite).startsWith('140ce86e'))throw new Error('composite moved');console.log('COMPOSITE-STABLE')" (exit 0) ---
COMPOSITE-STABLE


--- git diff --quiet HEAD -- packages/frameworks packages/core packages/trust/src && echo FROZEN-TRUST-CORE-UNTOUCHED (exit 0) ---
FROZEN-TRUST-CORE-UNTOUCHED


