--- pnpm exec vp test --project node (exit 0) ---
 RUN  /Users/jacksm5pro/dev/open-source/versionless

{"preflight":"pass"}

 Test Files  260 passed (260)
      Tests  2773 passed | 2 skipped (2775)
   Start at  05:36:54
   Duration  146.63s (transform 10.90s, setup 0ms, import 36.65s, tests 255.02s, environment 12ms)



--- node -e "const r=require('./evidence/runs/react-flame-v2-4-0/run-record.json');const b=(r.stages||[]).find(s=>(s.stage||s.name)==='build');const j=JSON.stringify(b);if(!j.includes('build-vite'))throw new Error('outDirectory moved');const rec=b.record||b;if((rec.outputFiles??rec.record?.outputFiles)!==24 && !j.includes('\"outputFiles\":24'))throw new Error('outputFiles moved');console.log('FLAME-BUILD-ROW-REPRODUCED')" (exit 0) ---
FLAME-BUILD-ROW-REPRODUCED


--- node --experimental-strip-types packages/cli/src/cli.ts refusal-census --verify-only --json 2>/dev/null | node -e "let b='';process.stdin.on('data',d=>b+=d);process.stdin.on('end',()=>{const d=JSON.parse(b);if(!d.matchesPublished)throw new Error('census drifted');console.log('CENSUS-OK sites='+d.census.summary.sites)})" (exit 0) ---
CENSUS-OK sites=192


--- npm run trust:verify -- --offline (exit 0) ---
{"valid":true,"digest":"42c47bacf573a56825d9e560de3e4efe286673e9f9baaff02f333de8534e4fdc","deterministicCore":"1837f2794e6dad8b3d1854aa14034cbb98b3c65bbaeb3fba076b4d55081cb7b0","artifacts":12}

npm warn Unknown project config "store-dir". This will stop working in the next major version of npm. See `npm help npmrc` for supported config options.
npm warn Unknown project config "virtual-store-dir". This will stop working in the next major version of npm. See `npm help npmrc` for supported config options.
npm warn Unknown project config "state-dir". This will stop working in the next major version of npm. See `npm help npmrc` for supported config options.
npm notice run versionless-workspace@0.0.0 trust:verify
npm notice run node --experimental-strip-types packages/cli/src/cli.ts trust:verify --offline

--- node --experimental-strip-types packages/cli/src/cli.ts report:coverage --offline --verify-only (exit 0) ---
{"result":"pass","mode":"verified","trustDigest":"42c47bacf573a56825d9e560de3e4efe286673e9f9baaff02f333de8534e4fdc","machineArtifact":"evidence/trust/current/coverage-report.json","humanDocument":"evidence/trust/current/coverage-report.md","machineArtifactSha256":"efc2f98f04c51f99899697d5d109bbf6052e19a94d6b38f7bbfe6f773e39b4ab","humanDocumentSha256":"70509ca96b177debc55b575095ae1949ea28747bb85577906495e317a76c5a25","coverageDigest":"1807d3cdf6f30245a8c847fbbd875709289456547e9604be94f0ab0f1f37cb41","certification":"not-certified"}


--- node -e "const r=require('./evidence/trust/current/coverage-report.json').totals;if(r.proven!==11||r.applications!==23)throw new Error(JSON.stringify(r));console.log('COVERAGE-TOTALS-UNCHANGED')" (exit 0) ---
COVERAGE-TOTALS-UNCHANGED


--- node --experimental-strip-types packages/cli/src/cli.ts supported-matrix --offline 2>&1 | grep -q "react: 6 counted of 6" && echo REACT-CELLS-UNCHANGED (exit 0) ---
REACT-CELLS-UNCHANGED


--- node -e "const f=require('./evidence/trust/current/adapter-freeze.json');if(!String(f.freeze.composite).startsWith('140ce86e'))throw new Error('composite moved');console.log('COMPOSITE-STABLE')" (exit 0) ---
COMPOSITE-STABLE


--- git diff --quiet HEAD -- packages/frameworks packages/core packages/trust/src && echo FROZEN-TRUST-CORE-UNTOUCHED (exit 0) ---
FROZEN-TRUST-CORE-UNTOUCHED


