One or more browsers which are configured in the project's Browserslist configuration will be ignored as ES5 output is not supported by the Angular CLI.
Ignored browsers: kaios 2.5, op_mini all

Initial Chunk Files           | Names                                        |  Raw Size | Estimated Transfer Size
main.ae96f7e3ac5afbc2.js      | main                                         | 371.73 kB |               101.31 kB
polyfills.367d8ff3edc9575c.js | polyfills                                    |  36.33 kB |                10.92 kB
runtime.0ed67ae22f28bec0.js   | runtime                                      |   2.82 kB |                 1.36 kB
styles.ef46db3751d8e999.css   | styles                                       |   0 bytes |                       -

| Initial Total                                | 410.88 kB |               113.60 kB

Lazy Chunk Files              | Names                                        |  Raw Size | Estimated Transfer Size
218.668aa63809c7895e.js       | features-article-article-component           |  66.34 kB |                13.81 kB
574.2e082a6e20145554.js       | features-editor-editor-component             |  57.10 kB |                11.83 kB
682.b6f7a60c7fffd9b2.js       | core-auth-auth-component                     |  56.08 kB |                11.48 kB
418.ef2c3f068f129d82.js       | features-settings-settings-component         |  55.64 kB |                11.38 kB
645.a87fc4adfb035248.js       | marked                                       |  37.03 kB |                10.75 kB
451.7b0b9fac2daef2aa.js       | features-home-home-component                 |  28.63 kB |                 8.99 kB
743.7c35e29a90027c4d.js       | features-profile-profile-favorites-component |   8.14 kB |                 2.51 kB
150.9c0fde1190fd60c8.js       | features-profile-profile-articles-component  |   8.12 kB |                 2.51 kB

Build at: 2026-08-07T12:12:57.288Z - Hash: 569c996b87c5e6c2 - Time: 5151ms
Browserslist: caniuse-lite is outdated. Please run:
  npx update-browserslist-db@latest
  Why you should do it regularly: https://github.com/browserslist/update-db#readme
- Copying assets...
✔ Copying assets complete.
- Generating index html...
✔ Index html generation complete.
